Component: ARM Compiler 5.06 update 7 (build 960) Tool: armlink [4d3601]

==============================================================================

Section Cross References

    startup_stm32f40_41xxx.o(STACK) refers (Special) to heapauxi.o(.text) for __use_two_region_memory
    startup_stm32f40_41xxx.o(HEAP) refers (Special) to heapauxi.o(.text) for __use_two_region_memory
    startup_stm32f40_41xxx.o(RESET) refers (Special) to heapauxi.o(.text) for __use_two_region_memory
    startup_stm32f40_41xxx.o(RESET) refers to startup_stm32f40_41xxx.o(STACK) for __initial_sp
    startup_stm32f40_41xxx.o(RESET) refers to startup_stm32f40_41xxx.o(.text) for Reset_Handler
    startup_stm32f40_41xxx.o(RESET) refers to stm32f4xx_it.o(i.NMI_Handler) for NMI_Handler
    startup_stm32f40_41xxx.o(RESET) refers to stm32f4xx_it.o(i.HardFault_Handler) for HardFault_Handler
    startup_stm32f40_41xxx.o(RESET) refers to stm32f4xx_it.o(i.MemManage_Handler) for MemManage_Handler
    startup_stm32f40_41xxx.o(RESET) refers to stm32f4xx_it.o(i.BusFault_Handler) for BusFault_Handler
    startup_stm32f40_41xxx.o(RESET) refers to stm32f4xx_it.o(i.UsageFault_Handler) for UsageFault_Handler
    startup_stm32f40_41xxx.o(RESET) refers to stm32f4xx_it.o(i.SVC_Handler) for SVC_Handler
    startup_stm32f40_41xxx.o(RESET) refers to stm32f4xx_it.o(i.DebugMon_Handler) for DebugMon_Handler
    startup_stm32f40_41xxx.o(RESET) refers to stm32f4xx_it.o(i.PendSV_Handler) for PendSV_Handler
    startup_stm32f40_41xxx.o(RESET) refers to stm32f4xx_it.o(i.SysTick_Handler) for SysTick_Handler
    startup_stm32f40_41xxx.o(RESET) refers to key.o(i.TIM3_IRQHandler) for TIM3_IRQHandler
    startup_stm32f40_41xxx.o(.text) refers (Special) to heapauxi.o(.text) for __use_two_region_memory
    startup_stm32f40_41xxx.o(.text) refers to system_stm32f4xx.o(i.SystemInit) for SystemInit
    startup_stm32f40_41xxx.o(.text) refers to __main.o(!!!main) for __main
    startup_stm32f40_41xxx.o(.text) refers to startup_stm32f40_41xxx.o(HEAP) for Heap_Mem
    startup_stm32f40_41xxx.o(.text) refers to startup_stm32f40_41xxx.o(STACK) for Stack_Mem
    system_stm32f4xx.o(i.SystemCoreClockUpdate) refers to system_stm32f4xx.o(.data) for SystemCoreClock
    system_stm32f4xx.o(i.SystemInit) refers to system_stm32f4xx.o(i.SetSysClock) for SetSysClock
    stm32f4xx_adc.o(i.ADC_DeInit) refers to stm32f4xx_rcc.o(i.RCC_APB2PeriphResetCmd) for RCC_APB2PeriphResetCmd
    stm32f4xx_can.o(i.CAN_DeInit) refers to stm32f4xx_rcc.o(i.RCC_APB1PeriphResetCmd) for RCC_APB1PeriphResetCmd
    stm32f4xx_can.o(i.CAN_GetITStatus) refers to stm32f4xx_can.o(i.CheckITStatus) for CheckITStatus
    stm32f4xx_cryp.o(i.CRYP_DeInit) refers to stm32f4xx_rcc.o(i.RCC_AHB2PeriphResetCmd) for RCC_AHB2PeriphResetCmd
    stm32f4xx_cryp_aes.o(i.CRYP_AES_CBC) refers to stm32f4xx_cryp.o(i.CRYP_KeyStructInit) for CRYP_KeyStructInit
    stm32f4xx_cryp_aes.o(i.CRYP_AES_CBC) refers to stm32f4xx_cryp.o(i.CRYP_FIFOFlush) for CRYP_FIFOFlush
    stm32f4xx_cryp_aes.o(i.CRYP_AES_CBC) refers to stm32f4xx_cryp.o(i.CRYP_Init) for CRYP_Init
    stm32f4xx_cryp_aes.o(i.CRYP_AES_CBC) refers to stm32f4xx_cryp.o(i.CRYP_KeyInit) for CRYP_KeyInit
    stm32f4xx_cryp_aes.o(i.CRYP_AES_CBC) refers to stm32f4xx_cryp.o(i.CRYP_Cmd) for CRYP_Cmd
    stm32f4xx_cryp_aes.o(i.CRYP_AES_CBC) refers to stm32f4xx_cryp.o(i.CRYP_GetFlagStatus) for CRYP_GetFlagStatus
    stm32f4xx_cryp_aes.o(i.CRYP_AES_CBC) refers to stm32f4xx_cryp.o(i.CRYP_IVInit) for CRYP_IVInit
    stm32f4xx_cryp_aes.o(i.CRYP_AES_CBC) refers to stm32f4xx_cryp.o(i.CRYP_GetCmdStatus) for CRYP_GetCmdStatus
    stm32f4xx_cryp_aes.o(i.CRYP_AES_CBC) refers to stm32f4xx_cryp.o(i.CRYP_DataIn) for CRYP_DataIn
    stm32f4xx_cryp_aes.o(i.CRYP_AES_CBC) refers to stm32f4xx_cryp.o(i.CRYP_DataOut) for CRYP_DataOut
    stm32f4xx_cryp_aes.o(i.CRYP_AES_CCM) refers to stm32f4xx_cryp.o(i.CRYP_KeyStructInit) for CRYP_KeyStructInit
    stm32f4xx_cryp_aes.o(i.CRYP_AES_CCM) refers to stm32f4xx_cryp.o(i.CRYP_FIFOFlush) for CRYP_FIFOFlush
    stm32f4xx_cryp_aes.o(i.CRYP_AES_CCM) refers to stm32f4xx_cryp.o(i.CRYP_KeyInit) for CRYP_KeyInit
    stm32f4xx_cryp_aes.o(i.CRYP_AES_CCM) refers to stm32f4xx_cryp.o(i.CRYP_IVInit) for CRYP_IVInit
    stm32f4xx_cryp_aes.o(i.CRYP_AES_CCM) refers to stm32f4xx_cryp.o(i.CRYP_Init) for CRYP_Init
    stm32f4xx_cryp_aes.o(i.CRYP_AES_CCM) refers to stm32f4xx_cryp.o(i.CRYP_PhaseConfig) for CRYP_PhaseConfig
    stm32f4xx_cryp_aes.o(i.CRYP_AES_CCM) refers to stm32f4xx_cryp.o(i.CRYP_DataIn) for CRYP_DataIn
    stm32f4xx_cryp_aes.o(i.CRYP_AES_CCM) refers to stm32f4xx_cryp.o(i.CRYP_Cmd) for CRYP_Cmd
    stm32f4xx_cryp_aes.o(i.CRYP_AES_CCM) refers to stm32f4xx_cryp.o(i.CRYP_GetCmdStatus) for CRYP_GetCmdStatus
    stm32f4xx_cryp_aes.o(i.CRYP_AES_CCM) refers to stm32f4xx_cryp.o(i.CRYP_GetFlagStatus) for CRYP_GetFlagStatus
    stm32f4xx_cryp_aes.o(i.CRYP_AES_CCM) refers to stm32f4xx_cryp.o(i.CRYP_DataOut) for CRYP_DataOut
[...]
    Removing stm32f4xx_tim.o(i.TIM_DMACmd), (18 bytes).
    Removing stm32f4xx_tim.o(i.TIM_DMAConfig), (10 bytes).
    Removing stm32f4xx_tim.o(i.TIM_DeInit), (400 bytes).
    Removing stm32f4xx_tim.o(i.TIM_ETRClockMode1Config), (54 bytes).
    Removing stm32f4xx_tim.o(i.TIM_ETRClockMode2Config), (32 bytes).
    Removing stm32f4xx_tim.o(i.TIM_ETRConfig), (28 bytes).
    Removing stm32f4xx_tim.o(i.TIM_EncoderInterfaceConfig), (66 bytes).
    Removing stm32f4xx_tim.o(i.TIM_ForcedOC1Config), (18 bytes).
    Removing stm32f4xx_tim.o(i.TIM_ForcedOC2Config), (26 bytes).
    Removing stm32f4xx_tim.o(i.TIM_ForcedOC3Config), (18 bytes).
    Removing stm32f4xx_tim.o(i.TIM_ForcedOC4Config), (26 bytes).
    Removing stm32f4xx_tim.o(i.TIM_GenerateEvent), (4 bytes).
    Removing stm32f4xx_tim.o(i.TIM_GetCapture1), (6 bytes).
    Removing stm32f4xx_tim.o(i.TIM_GetCapture2), (6 bytes).
    Removing stm32f4xx_tim.o(i.TIM_GetCapture3), (6 bytes).
    Removing stm32f4xx_tim.o(i.TIM_GetCapture4), (6 bytes).
    Removing stm32f4xx_tim.o(i.TIM_GetCounter), (6 bytes).
    Removing stm32f4xx_tim.o(i.TIM_GetFlagStatus), (18 bytes).
    Removing stm32f4xx_tim.o(i.TIM_GetPrescaler), (6 bytes).
    Removing stm32f4xx_tim.o(i.TIM_ICInit), (110 bytes).
    Removing stm32f4xx_tim.o(i.TIM_ICStructInit), (18 bytes).
    Removing stm32f4xx_tim.o(i.TIM_ITRxExternalClockConfig), (24 bytes).
    Removing stm32f4xx_tim.o(i.TIM_InternalClockConfig), (12 bytes).
    Removing stm32f4xx_tim.o(i.TIM_OC1FastConfig), (18 bytes).
    Removing stm32f4xx_tim.o(i.TIM_OC1NPolarityConfig), (18 bytes).
    Removing stm32f4xx_tim.o(i.TIM_OC1PolarityConfig), (18 bytes).
    Removing stm32f4xx_tim.o(i.TIM_OC2FastConfig), (26 bytes).
    Removing stm32f4xx_tim.o(i.TIM_OC2NPolarityConfig), (26 bytes).
    Removing stm32f4xx_tim.o(i.TIM_OC2PolarityConfig), (26 bytes).
    Removing stm32f4xx_tim.o(i.TIM_OC3FastConfig), (18 bytes).
    Removing stm32f4xx_tim.o(i.TIM_OC3NPolarityConfig), (26 bytes).
    Removing stm32f4xx_tim.o(i.TIM_OC3PolarityConfig), (26 bytes).
    Removing stm32f4xx_tim.o(i.TIM_OC4FastConfig), (26 bytes).
    Removing stm32f4xx_tim.o(i.TIM_OC4Init), (120 bytes).
    Removing stm32f4xx_tim.o(i.TIM_OC4PolarityConfig), (26 bytes).
    Removing stm32f4xx_tim.o(i.TIM_OC4PreloadConfig), (26 bytes).
    Removing stm32f4xx_tim.o(i.TIM_PWMIConfig), (124 bytes).
    Removing stm32f4xx_tim.o(i.TIM_PrescalerConfig), (6 bytes).
    Removing stm32f4xx_tim.o(i.TIM_RemapConfig), (6 bytes).
    Removing stm32f4xx_tim.o(i.TIM_SelectCCDMA), (24 bytes).
    Removing stm32f4xx_tim.o(i.TIM_SelectCOM), (24 bytes).
    Removing stm32f4xx_tim.o(i.TIM_SelectHallSensor), (24 bytes).
    Removing stm32f4xx_tim.o(i.TIM_SelectInputTrigger), (18 bytes).
    Removing stm32f4xx_tim.o(i.TIM_SelectMasterSlaveMode), (18 bytes).
    Removing stm32f4xx_tim.o(i.TIM_SelectOCxM), (86 bytes).
    Removing stm32f4xx_tim.o(i.TIM_SelectOnePulseMode), (18 bytes).
    Removing stm32f4xx_tim.o(i.TIM_SelectOutputTrigger), (18 bytes).
    Removing stm32f4xx_tim.o(i.TIM_SelectSlaveMode), (18 bytes).
    Removing stm32f4xx_tim.o(i.TIM_SetAutoreload), (4 bytes).
    Removing stm32f4xx_tim.o(i.TIM_SetClockDivision), (18 bytes).
    Removing stm32f4xx_tim.o(i.TIM_SetCompare1), (4 bytes).
    Removing stm32f4xx_tim.o(i.TIM_SetCompare2), (4 bytes).
    Removing stm32f4xx_tim.o(i.TIM_SetCompare3), (4 bytes).
    Removing stm32f4xx_tim.o(i.TIM_SetCompare4), (4 bytes).
    Removing stm32f4xx_tim.o(i.TIM_SetCounter), (4 bytes).
    Removing stm32f4xx_tim.o(i.TIM_SetIC1Prescaler), (18 bytes).
    Removing stm32f4xx_tim.o(i.TIM_SetIC2Prescaler), (26 bytes).
    Removing stm32f4xx_tim.o(i.TIM_SetIC3Prescaler), (18 bytes).
    Removing stm32f4xx_tim.o(i.TIM_SetIC4Prescaler), (26 bytes).
    Removing stm32f4xx_tim.o(i.TIM_TIxExternalClockConfig), (62 bytes).
    Removing stm32f4xx_tim.o(i.TIM_TimeBaseStructInit), (18 bytes).
    Removing stm32f4xx_tim.o(i.TIM_UpdateDisableConfig), (24 bytes).
    Removing stm32f4xx_tim.o(i.TIM_UpdateRequestConfig), (24 bytes).
    Removing stm32f4xx_usart.o(.rev16_text), (4 bytes).
    Removing stm32f4xx_usart.o(.revsh_text), (4 bytes).
    Removing stm32f4xx_usart.o(.rrx_text), (6 bytes).
    Removing stm32f4xx_usart.o(i.USART_ClearFlag), (18 bytes).
    Removing stm32f4xx_usart.o(i.USART_ClearITPendingBit), (30 bytes).
    Removing stm32f4xx_usart.o(i.USART_ClockInit), (32 bytes).
    Removing stm32f4xx_usart.o(i.USART_ClockStructInit), (12 bytes).
    Removing stm32f4xx_usart.o(i.USART_Cmd), (24 bytes).
    Removing stm32f4xx_usart.o(i.USART_DMACmd), (18 bytes).
    Removing stm32f4xx_usart.o(i.USART_DeInit), (240 bytes).
    Removing stm32f4xx_usart.o(i.USART_GetFlagStatus), (26 bytes).
    Removing stm32f4xx_usart.o(i.USART_GetITStatus), (84 bytes).
    Removing stm32f4xx_usart.o(i.USART_HalfDuplexCmd), (24 bytes).
    Removing stm32f4xx_usart.o(i.USART_ITConfig), (74 bytes).
    Removing stm32f4xx_usart.o(i.USART_Init), (212 bytes).
    Removing stm32f4xx_usart.o(i.USART_IrDACmd), (24 bytes).
    Removing stm32f4xx_usart.o(i.USART_IrDAConfig), (18 bytes).
    Removing stm32f4xx_usart.o(i.USART_LINBreakDetectLengthConfig), (18 bytes).
    Removing stm32f4xx_usart.o(i.USART_LINCmd), (24 bytes).
    Removing stm32f4xx_usart.o(i.USART_OneBitMethodCmd), (24 bytes).
    Removing stm32f4xx_usart.o(i.USART_OverSampling8Cmd), (22 bytes).
    Removing stm32f4xx_usart.o(i.USART_ReceiveData), (10 bytes).
    Removing stm32f4xx_usart.o(i.USART_ReceiverWakeUpCmd), (24 bytes).
    Removing stm32f4xx_usart.o(i.USART_SendBreak), (10 bytes).
    Removing stm32f4xx_usart.o(i.USART_SendData), (8 bytes).
    Removing stm32f4xx_usart.o(i.USART_SetAddress), (18 bytes).
    Removing stm32f4xx_usart.o(i.USART_SetGuardTime), (16 bytes).
    Removing stm32f4xx_usart.o(i.USART_SetPrescaler), (16 bytes).
    Removing stm32f4xx_usart.o(i.USART_SmartCardCmd), (24 bytes).
    Removing stm32f4xx_usart.o(i.USART_SmartCardNACKCmd), (24 bytes).
    Removing stm32f4xx_usart.o(i.USART_StructInit), (24 bytes).
    Removing stm32f4xx_usart.o(i.USART_WakeUpConfig), (18 bytes).
    Removing stm32f4xx_wwdg.o(.rev16_text), (4 bytes).
    Removing stm32f4xx_wwdg.o(.revsh_text), (4 bytes).
    Removing stm32f4xx_wwdg.o(.rrx_text), (6 bytes).
    Removing stm32f4xx_wwdg.o(i.WWDG_ClearFlag), (12 bytes).
    Removing stm32f4xx_wwdg.o(i.WWDG_DeInit), (22 bytes).
    Removing stm32f4xx_wwdg.o(i.WWDG_Enable), (16 bytes).
    Removing stm32f4xx_wwdg.o(i.WWDG_EnableIT), (12 bytes).
    Removing stm32f4xx_wwdg.o(i.WWDG_GetFlagStatus), (20 bytes).
    Removing stm32f4xx_wwdg.o(i.WWDG_SetCounter), (16 bytes).
    Removing stm32f4xx_wwdg.o(i.WWDG_SetPrescaler), (24 bytes).
    Removing stm32f4xx_wwdg.o(i.WWDG_SetWindowValue), (40 bytes).
    Removing datastructure.o(i.QueueHead), (8 bytes).
    Removing mathematics.o(.rev16_text), (4 bytes).
    Removing mathematics.o(.revsh_text), (4 bytes).
    Removing mathematics.o(.rrx_text), (6 bytes).
    Removing mathematics.o(i.char_Swap_Value), (10 bytes).
    Removing mathematics.o(i.double_SetPositive_Value), (68 bytes).
    Removing mathematics.o(i.double_Sign_Positive_Check), (60 bytes).
    Removing mathematics.o(i.double_Sign_TowValue_Check), (64 bytes).
    Removing mathematics.o(i.double_Swap_Value), (26 bytes).
    Removing mathematics.o(i.double_Turn_Sign), (30 bytes).
    Removing mathematics.o(i.float_SetPositive_Value), (28 bytes).
    Removing mathematics.o(i.float_Sign_Positive_Check), (76 bytes).
    Removing mathematics.o(i.float_Sign_TowValue_Check), (48 bytes).
    Removing mathematics.o(i.float_Swap_Value), (22 bytes).
    Removing mathematics.o(i.float_Turn_Sign), (14 bytes).
    Removing mathematics.o(i.func_double_to_str), (364 bytes).
    Removing mathematics.o(i.func_get_greatest_common_divisor), (20 bytes).
    Removing mathematics.o(i.func_hex_to_str), (112 bytes).
    Removing mathematics.o(i.func_int_to_str), (106 bytes).
    Removing mathematics.o(i.func_str_to_double), (340 bytes).
    Removing mathematics.o(i.func_str_to_hex), (136 bytes).
    Removing mathematics.o(i.func_str_to_int), (72 bytes).
    Removing mathematics.o(i.func_str_to_uint), (44 bytes).
    Removing mathematics.o(i.func_uint_to_str), (80 bytes).
    Removing mathematics.o(i.int_SetPositive_Value), (14 bytes).
    Removing mathematics.o(i.int_Sign_Positive_Check), (24 bytes).
    Removing mathematics.o(i.int_Sign_TowValue_Check), (32 bytes).
    Removing mathematics.o(i.int_Swap_Value), (10 bytes).
    Removing mathematics.o(i.int_Turn_Sign), (8 bytes).
    Removing mathematics.o(i.number_conversion_ASCII), (136 bytes).
    Removing mathematics.o(i.uint16_t_Swap_Value), (10 bytes).
    Removing mathematics.o(i.uint32_t_Swap_Value), (10 bytes).
    Removing mathematics.o(i.uint8_t_Swap_Value), (10 bytes).
    Removing delay.o(.rev16_text), (4 bytes).
    Removing delay.o(.revsh_text), (4 bytes).
    Removing delay.o(.rrx_text), (6 bytes).
    Removing delay.o(i.Delay_s), (24 bytes).
    Removing all_hardware.o(.rev16_text), (4 bytes).
    Removing all_hardware.o(.revsh_text), (4 bytes).
    Removing all_hardware.o(.rrx_text), (6 bytes).
    Removing key.o(.rev16_text), (4 bytes).
    Removing key.o(.revsh_text), (4 bytes).
    Removing key.o(.rrx_text), (6 bytes).
    Removing usart.o(.rev16_text), (4 bytes).
    Removing usart.o(.revsh_text), (4 bytes).
    Removing usart.o(.rrx_text), (6 bytes).
    Removing usart.o(i.USART_Test_Init), (36 bytes).
    Removing dc_brush_motor.o(.rev16_text), (4 bytes).
    Removing dc_brush_motor.o(.revsh_text), (4 bytes).
    Removing dc_brush_motor.o(.rrx_text), (6 bytes).
    Removing dc_brush_motor.o(i.Brush_ADC_Test), (2 bytes).
    Removing dc_brush_motor.o(i.Brush_Encoder_Test), (2 bytes).
    Removing dc_brush_motor.o(i.Brush_Motor_Test), (2 bytes).
    Removing brush_motor.o(.rev16_text), (4 bytes).
    Removing brush_motor.o(.revsh_text), (4 bytes).
    Removing brush_motor.o(.rrx_text), (6 bytes).
    Removing brush_motor.o(i.Brush_Motor_Dir), (56 bytes).
    Removing brush_motor.o(i.Brush_Motor_GPIO_Init), (60 bytes).
    Removing brush_motor.o(i.Brush_Motor_Init), (18 bytes).
    Removing brush_motor.o(i.Brush_Motor_SetPWM), (60 bytes).
    Removing brush_motor.o(i.Brush_Motor_Start), (32 bytes).
    Removing brush_motor.o(i.Brush_Motor_Stop), (32 bytes).
    Removing brush_motor.o(i.Brush_Motor_TIM_Init), (244 bytes).
    Removing brush_adc.o(.rev16_text), (4 bytes).
    Removing brush_adc.o(.revsh_text), (4 bytes).
    Removing brush_adc.o(.rrx_text), (6 bytes).
    Removing brush_adc.o(i.Brush_Motor_Current_ADC_DMA_Init), (2 bytes).
    Removing brush_adc.o(i.Brush_Motor_Temperature_ADC_DMA_Init), (2 bytes).
    Removing brush_adc.o(i.Brush_Motor_Voltage_ADC_DMA_Init), (276 bytes).
    Removing brush_adc.o(i.Calculate_Brush_Motor_ADC_Current_Average_Value), (40 bytes).
    Removing brush_adc.o(i.Calculate_Brush_Motor_ADC_Current_Value), (2 bytes).
    Removing brush_adc.o(i.Calculate_Brush_Motor_ADC_Temperature_Average_Value), (40 bytes).
    Removing brush_adc.o(i.Calculate_Brush_Motor_ADC_Temperature_Value), (2 bytes).
    Removing brush_adc.o(i.Calculate_Brush_Motor_ADC_Voltage_Average_Value), (40 bytes).
    Removing brush_adc.o(i.Calculate_Brush_Motor_ADC_Voltage_Value), (2 bytes).
    Removing brush_adc.o(.bss), (6000 bytes).
    Removing brush_adc.o(.data), (8 bytes).
    Removing brush_encoder.o(.rev16_text), (4 bytes).
    Removing brush_encoder.o(.revsh_text), (4 bytes).
    Removing brush_encoder.o(.rrx_text), (6 bytes).
    Removing bldc.o(.rev16_text), (4 bytes).
    Removing bldc.o(.revsh_text), (4 bytes).
    Removing bldc.o(.rrx_text), (6 bytes).
    Removing bldc_motor.o(.rev16_text), (4 bytes).
    Removing bldc_motor.o(.revsh_text), (4 bytes).
    Removing bldc_motor.o(.rrx_text), (6 bytes).
    Removing bldc_motor.o(i.BLDC_Motor_Control), (156 bytes).
    Removing bldc_motor.o(i.BLDC_Start), (40 bytes).
    Removing bldc_motor.o(i.BLDC_Stop), (108 bytes).
    Removing bldc_motor.o(i.BLDC_U_high_V_low), (76 bytes).
    Removing bldc_motor.o(i.BLDC_U_high_W_low), (76 bytes).
    Removing bldc_motor.o(i.BLDC_V_high_U_low), (76 bytes).
    Removing bldc_motor.o(i.BLDC_V_high_W_low), (76 bytes).
    Removing bldc_motor.o(i.BLDC_W_high_U_low), (76 bytes).
    Removing bldc_motor.o(i.BLDC_W_high_V_low), (76 bytes).
    Removing bldc_motor.o(i.Get_BLDC_Encoder), (64 bytes).
    Removing bldc_motor.o(i.TIM1_UP_IRQHandler), (32 bytes).
    Removing bldc_adc.o(.rev16_text), (4 bytes).
    Removing bldc_adc.o(.revsh_text), (4 bytes).
    Removing bldc_adc.o(.rrx_text), (6 bytes).
    Removing main.o(.rev16_text), (4 bytes).
    Removing main.o(.revsh_text), (4 bytes).
    Removing main.o(.rrx_text), (6 bytes).

903 unused section(s) (total 45122 bytes) removed from the image.

==============================================================================

Image Symbol Table

    Local Symbols

    Symbol Name                              Value     Ov Type        Size  Object(Section)

    ../clib/angel/boardlib.s                 0x00000000   Number         0  boardinit2.o ABSOLUTE
    ../clib/angel/boardlib.s                 0x00000000   Number         0  boardshut.o ABSOLUTE
    ../clib/angel/boardlib.s                 0x00000000   Number         0  boardinit3.o ABSOLUTE
    ../clib/angel/boardlib.s                 0x00000000   Number         0  boardinit1.o ABSOLUTE
    ../clib/angel/handlers.s                 0x00000000   Number         0  __scatter_copy.o ABSOLUTE
    ../clib/angel/handlers.s                 0x00000000   Number         0  __scatter_zi.o ABSOLUTE
    ../clib/angel/kernel.s                   0x00000000   Number         0  rtexit2.o ABSOLUTE
    ../clib/angel/kernel.s                   0x00000000   Number         0  rtexit.o ABSOLUTE
    ../clib/angel/kernel.s                   0x00000000   Number         0  __rtentry4.o ABSOLUTE
    ../clib/angel/kernel.s                   0x00000000   Number         0  __rtentry.o ABSOLUTE
    ../clib/angel/kernel.s                   0x00000000   Number         0  __rtentry2.o ABSOLUTE
    ../clib/angel/rt.s                       0x00000000   Number         0  rt_heap_descriptor.o ABSOLUTE
    ../clib/angel/rt.s                       0x00000000   Number         0  rt_raise.o ABSOLUTE
    ../clib/angel/rt.s                       0x00000000   Number         0  rt_heap_descriptor_intlibspace.o ABSOLUTE
    ../clib/angel/scatter.s                  0x00000000   Number         0  __scatter.o ABSOLUTE
    ../clib/angel/startup.s                  0x00000000   Number         0  __main.o ABSOLUTE
    ../clib/angel/sys.s                      0x00000000   Number         0  indicate_semi.o ABSOLUTE
    ../clib/angel/sys.s                      0x00000000   Number         0  mutex_dummy.o ABSOLUTE
    ../clib/angel/sys.s                      0x00000000   Number         0  libspace.o ABSOLUTE
    ../clib/angel/sys.s                      0x00000000   Number         0  sys_stackheap_outer.o ABSOLUTE
    ../clib/angel/sys.s                      0x00000000   Number         0  use_no_semi.o ABSOLUTE
    ../clib/angel/sysapp.c                   0x00000000   Number         0  sys_exit.o ABSOLUTE
    ../clib/angel/sysapp.c                   0x00000000   Number         0  sys_command.o ABSOLUTE
    ../clib/angel/sysapp.c                   0x00000000   Number         0  sys_wrch.o ABSOLUTE
    ../clib/armsys.c                         0x00000000   Number         0  no_argv.o ABSOLUTE
    ../clib/armsys.c                         0x00000000   Number         0  _get_argv_nomalloc.o ABSOLUTE
    ../clib/armsys.c                         0x00000000   Number         0  _get_argv.o ABSOLUTE
    ../clib/armsys.c                         0x00000000   Number         0  argv_veneer.o ABSOLUTE
    ../clib/armsys.c                         0x00000000   Number         0  argv_veneer.o ABSOLUTE
    ../clib/heap1.c                          0x00000000   Number         0  h1_init.o ABSOLUTE
    ../clib/heap1.c                          0x00000000   Number         0  h1_extend_mt.o ABSOLUTE
    ../clib/heap1.c                          0x00000000   Number         0  h1_final.o ABSOLUTE
    ../clib/heap1.c                          0x00000000   Number         0  h1_final_mt.o ABSOLUTE
    ../clib/heap1.c                          0x00000000   Number         0  h1_free.o ABSOLUTE
    ../clib/heap1.c                          0x00000000   Number         0  h1_init_mt.o ABSOLUTE
    ../clib/heap1.c                          0x00000000   Number         0  h1_alloc_mt.o ABSOLUTE
    ../clib/heap1.c                          0x00000000   Number         0  h1_free_mt.o ABSOLUTE
    ../clib/heap1.c                          0x00000000   Number         0  h1_alloc.o ABSOLUTE
    ../clib/heap1.c                          0x00000000   Number         0  h1_extend.o ABSOLUTE
    ../clib/heap2.c                          0x00000000   Number         0  heap2mt.o ABSOLUTE
    ../clib/heap2.c                          0x00000000   Number         0  fdtree.o ABSOLUTE
    ../clib/heap2.c                          0x00000000   Number         0  heap2.o ABSOLUTE
    ../clib/heapalloc.c                      0x00000000   Number         0  maybetermalloc2.o ABSOLUTE
    ../clib/heapalloc.c                      0x00000000   Number         0  term_alloc.o ABSOLUTE
    ../clib/heapalloc.c                      0x00000000   Number         0  maybetermalloc1.o ABSOLUTE
    ../clib/heapalloc.c                      0x00000000   Number         0  free.o ABSOLUTE
    ../clib/heapalloc.c                      0x00000000   Number         0  maybetermalloc2.o ABSOLUTE
    ../clib/heapalloc.c                      0x00000000   Number         0  hrguard.o ABSOLUTE
    ../clib/heapalloc.c                      0x00000000   Number         0  hguard.o ABSOLUTE
    ../clib/heapalloc.c                      0x00000000   Number         0  malloc.o ABSOLUTE
    ../clib/heapalloc.c                      0x00000000   Number         0  maybetermalloc1.o ABSOLUTE
    ../clib/heapalloc.c                      0x00000000   Number         0  init_alloc.o ABSOLUTE
    ../clib/heapalloc.c                      0x00000000   Number         0  heapstubs.o ABSOLUTE
    ../clib/heapaux.c                        0x00000000   Number         0  heapauxa.o ABSOLUTE
    ../clib/heapaux.c                        0x00000000   Number         0  heapauxi.o ABSOLUTE
    ../clib/libinit.s                        0x00000000   Number         0  libinit.o ABSOLUTE
    ../clib/libinit.s                        0x00000000   Number         0  libinit2.o ABSOLUTE
    ../clib/libinit.s                        0x00000000   Number         0  libshutdown.o ABSOLUTE
    ../clib/libinit.s                        0x00000000   Number         0  libshutdown2.o ABSOLUTE
    ../clib/memcpset.s                       0x00000000   Number         0  rt_memcpy_w.o ABSOLUTE
    ../clib/signal.c                         0x00000000   Number         0  defsig_rtmem_formal.o ABSOLUTE
    ../clib/signal.c                         0x00000000   Number         0  __raise.o ABSOLUTE
    ../clib/signal.c                         0x00000000   Number         0  defsig_general.o ABSOLUTE
    ../clib/signal.c                         0x00000000   Number         0  defsig_abrt_inner.o ABSOLUTE
    ../clib/signal.c                         0x00000000   Number         0  defsig_fpe_inner.o ABSOLUTE
    ../clib/signal.c                         0x00000000   Number         0  defsig_rtred_inner.o ABSOLUTE
    ../clib/signal.c                         0x00000000   Number         0  defsig_stak_inner.o ABSOLUTE
    ../clib/signal.c                         0x00000000   Number         0  defsig_pvfn_inner.o ABSOLUTE
    ../clib/signal.c                         0x00000000   Number         0  defsig_cppl_inner.o ABSOLUTE
    ../clib/signal.c                         0x00000000   Number         0  defsig_segv_inner.o ABSOLUTE
    ../clib/signal.c                         0x00000000   Number         0  defsig_other.o ABSOLUTE
    ../clib/signal.c                         0x00000000   Number         0  defsig_rtmem_inner.o ABSOLUTE
    ../clib/signal.c                         0x00000000   Number         0  defsig_exit.o ABSOLUTE
    ../clib/signal.c                         0x00000000   Number         0  defsig_rtmem_outer.o ABSOLUTE
    ../clib/signal.s                         0x00000000   Number         0  defsig.o ABSOLUTE
    ../clib/stdlib.c                         0x00000000   Number         0  exit.o ABSOLUTE
    ../clib/string.c                         0x00000000   Number         0  strlen.o ABSOLUTE
    ../fplib/basic.s                         0x00000000   Number         0  basic.o ABSOLUTE
    ../fplib/daddsub.s                       0x00000000   Number         0  daddsub_clz.o ABSOLUTE
    ../fplib/dcmpi.s                         0x00000000   Number         0  dcmpi.o ABSOLUTE
    ../fplib/ddiv.s                          0x00000000   Number         0  ddiv.o ABSOLUTE
    ../fplib/deqf.s                          0x00000000   Number         0  deqf.o ABSOLUTE
    ../fplib/dfix.s                          0x00000000   Number         0  dfix.o ABSOLUTE
    ../fplib/dflt.s                          0x00000000   Number         0  dflt_clz.o ABSOLUTE
    ../fplib/dleqf.s                         0x00000000   Number         0  dleqf.o ABSOLUTE
    ../fplib/dmul.s                          0x00000000   Number         0  dmul.o ABSOLUTE
    ../fplib/dnaninf.s                       0x00000000   Number         0  dnaninf.o ABSOLUTE
    ../fplib/dretinf.s                       0x00000000   Number         0  dretinf.o ABSOLUTE
    ../fplib/drleqf.s                        0x00000000   Number         0  drleqf.o ABSOLUTE
    ../fplib/f2d.s                           0x00000000   Number         0  f2d.o ABSOLUTE
    ../fplib/fnaninf.s                       0x00000000   Number         0  fnaninf.o ABSOLUTE
    ../fplib/fpinit.s                        0x00000000   Number         0  fpinit.o ABSOLUTE
    ../fplib/usenofp.s                       0x00000000   Number         0  usenofp.o ABSOLUTE
    ../mathlib/fabs.c                        0x00000000   Number         0  fabs.o ABSOLUTE
    BLDC\BLDC.c                              0x00000000   Number         0  bldc.o ABSOLUTE
    BLDC\BLDC_ADC.c                          0x00000000   Number         0  bldc_adc.o ABSOLUTE
    BLDC\BLDC_Motor.c                        0x00000000   Number         0  bldc_motor.o ABSOLUTE
    BLDC\\BLDC.c                             0x00000000   Number         0  bldc.o ABSOLUTE
    BLDC\\BLDC_ADC.c                         0x00000000   Number         0  bldc_adc.o ABSOLUTE
    BLDC\\BLDC_Motor.c                       0x00000000   Number         0  bldc_motor.o ABSOLUTE
    Brush_Motor\Brush_ADC.c                  0x00000000   Number         0  brush_adc.o ABSOLUTE
    Brush_Motor\Brush_Encoder.c              0x00000000   Number         0  brush_encoder.o ABSOLUTE
    Brush_Motor\Brush_Motor.c                0x00000000   Number         0  brush_motor.o ABSOLUTE
    Brush_Motor\DC_Brush_Motor.c             0x00000000   Number         0  dc_brush_motor.o ABSOLUTE
    Brush_Motor\\Brush_ADC.c                 0x00000000   Number         0  brush_adc.o ABSOLUTE
    Brush_Motor\\Brush_Encoder.c             0x00000000   Number         0  brush_encoder.o ABSOLUTE
    Brush_Motor\\Brush_Motor.c               0x00000000   Number         0  brush_motor.o ABSOLUTE
    Brush_Motor\\DC_Brush_Motor.c            0x00000000   Number         0  dc_brush_motor.o ABSOLUTE
    Hardware\All_Hardware.c                  0x00000000   Number         0  all_hardware.o ABSOLUTE
    Hardware\Key.c                           0x00000000   Number         0  key.o ABSOLUTE
    Hardware\USART.c                         0x00000000   Number         0  usart.o ABSOLUTE
    Hardware\\All_Hardware.c                 0x00000000   Number         0  all_hardware.o ABSOLUTE
    Hardware\\Key.c                          0x00000000   Number         0  key.o ABSOLUTE
    Hardware\\USART.c                        0x00000000   Number         0  usart.o ABSOLUTE
    Library\\src\\misc.c                     0x00000000   Number         0  misc.o ABSOLUTE
    Library\\src\\stm32f4xx_adc.c            0x00000000   Number         0  stm32f4xx_adc.o ABSOLUTE
    Library\\src\\stm32f4xx_can.c            0x00000000   Number         0  stm32f4xx_can.o ABSOLUTE
    Library\\src\\stm32f4xx_crc.c            0x00000000   Number         0  stm32f4xx_crc.o ABSOLUTE
    Library\\src\\stm32f4xx_cryp.c           0x00000000   Number         0  stm32f4xx_cryp.o ABSOLUTE
    Library\\src\\stm32f4xx_cryp_aes.c       0x00000000   Number         0  stm32f4xx_cryp_aes.o ABSOLUTE
    Library\\src\\stm32f4xx_cryp_des.c       0x00000000   Number         0  stm32f4xx_cryp_des.o ABSOLUTE
    Library\\src\\stm32f4xx_cryp_tdes.c      0x00000000   Number         0  stm32f4xx_cryp_tdes.o ABSOLUTE
    Library\\src\\stm32f4xx_dac.c            0x00000000   Number         0  stm32f4xx_dac.o ABSOLUTE
    Library\\src\\stm32f4xx_dbgmcu.c         0x00000000   Number         0  stm32f4xx_dbgmcu.o ABSOLUTE
    Library\\src\\stm32f4xx_dcmi.c           0x00000000   Number         0  stm32f4xx_dcmi.o ABSOLUTE
    Library\\src\\stm32f4xx_dma.c            0x00000000   Number         0  stm32f4xx_dma.o ABSOLUTE
    Library\\src\\stm32f4xx_dma2d.c          0x00000000   Number         0  stm32f4xx_dma2d.o ABSOLUTE
    Library\\src\\stm32f4xx_exti.c           0x00000000   Number         0  stm32f4xx_exti.o ABSOLUTE
    Library\\src\\stm32f4xx_flash.c          0x00000000   Number         0  stm32f4xx_flash.o ABSOLUTE
    Library\\src\\stm32f4xx_flash_ramfunc.c  0x00000000   Number         0  stm32f4xx_flash_ramfunc.o ABSOLUTE
    Library\\src\\stm32f4xx_fsmc.c           0x00000000   Number         0  stm32f4xx_fsmc.o ABSOLUTE
    Library\\src\\stm32f4xx_gpio.c           0x00000000   Number         0  stm32f4xx_gpio.o ABSOLUTE
    Library\\src\\stm32f4xx_hash.c           0x00000000   Number         0  stm32f4xx_hash.o ABSOLUTE
    Library\\src\\stm32f4xx_hash_md5.c       0x00000000   Number         0  stm32f4xx_hash_md5.o ABSOLUTE
    Library\\src\\stm32f4xx_hash_sha1.c      0x00000000   Number         0  stm32f4xx_hash_sha1.o ABSOLUTE
    Library\\src\\stm32f4xx_i2c.c            0x00000000   Number         0  stm32f4xx_i2c.o ABSOLUTE
    Library\\src\\stm32f4xx_iwdg.c           0x00000000   Number         0  stm32f4xx_iwdg.o ABSOLUTE
    Library\\src\\stm32f4xx_ltdc.c           0x00000000   Number         0  stm32f4xx_ltdc.o ABSOLUTE
    Library\\src\\stm32f4xx_pwr.c            0x00000000   Number         0  stm32f4xx_pwr.o ABSOLUTE
    Library\\src\\stm32f4xx_rcc.c            0x00000000   Number         0  stm32f4xx_rcc.o ABSOLUTE
    Library\\src\\stm32f4xx_rng.c            0x00000000   Number         0  stm32f4xx_rng.o ABSOLUTE
    Library\\src\\stm32f4xx_rtc.c            0x00000000   Number         0  stm32f4xx_rtc.o ABSOLUTE
    Library\\src\\stm32f4xx_sai.c            0x00000000   Number         0  stm32f4xx_sai.o ABSOLUTE
    Library\\src\\stm32f4xx_sdio.c           0x00000000   Number         0  stm32f4xx_sdio.o ABSOLUTE
    Library\\src\\stm32f4xx_spi.c            0x00000000   Number         0  stm32f4xx_spi.o ABSOLUTE
    Library\\src\\stm32f4xx_syscfg.c         0x00000000   Number         0  stm32f4xx_syscfg.o ABSOLUTE
    Library\\src\\stm32f4xx_tim.c            0x00000000   Number         0  stm32f4xx_tim.o ABSOLUTE
    Library\\src\\stm32f4xx_usart.c          0x00000000   Number         0  stm32f4xx_usart.o ABSOLUTE
    Library\\src\\stm32f4xx_wwdg.c           0x00000000   Number         0  stm32f4xx_wwdg.o ABSOLUTE
    Library\src\misc.c                       0x00000000   Number         0  misc.o ABSOLUTE
    Library\src\stm32f4xx_adc.c              0x00000000   Number         0  stm32f4xx_adc.o ABSOLUTE
    Library\src\stm32f4xx_can.c              0x00000000   Number         0  stm32f4xx_can.o ABSOLUTE
    Library\src\stm32f4xx_crc.c              0x00000000   Number         0  stm32f4xx_crc.o ABSOLUTE
    Library\src\stm32f4xx_cryp.c             0x00000000   Number         0  stm32f4xx_cryp.o ABSOLUTE
    Library\src\stm32f4xx_cryp_aes.c         0x00000000   Number         0  stm32f4xx_cryp_aes.o ABSOLUTE
    Library\src\stm32f4xx_cryp_des.c         0x00000000   Number         0  stm32f4xx_cryp_des.o ABSOLUTE
    Library\src\stm32f4xx_cryp_tdes.c        0x00000000   Number         0  stm32f4xx_cryp_tdes.o ABSOLUTE
    Library\src\stm32f4xx_dac.c              0x00000000   Number         0  stm32f4xx_dac.o ABSOLUTE
    Library\src\stm32f4xx_dbgmcu.c           0x00000000   Number         0  stm32f4xx_dbgmcu.o ABSOLUTE
    Library\src\stm32f4xx_dcmi.c             0x00000000   Number         0  stm32f4xx_dcmi.o ABSOLUTE
    Library\src\stm32f4xx_dma.c              0x00000000   Number         0  stm32f4xx_dma.o ABSOLUTE
    Library\src\stm32f4xx_dma2d.c            0x00000000   Number         0  stm32f4xx_dma2d.o ABSOLUTE
    Library\src\stm32f4xx_exti.c             0x00000000   Number         0  stm32f4xx_exti.o ABSOLUTE
    Library\src\stm32f4xx_flash.c            0x00000000   Number         0  stm32f4xx_flash.o ABSOLUTE
    Library\src\stm32f4xx_flash_ramfunc.c    0x00000000   Number         0  stm32f4xx_flash_ramfunc.o ABSOLUTE
    Library\src\stm32f4xx_fsmc.c             0x00000000   Number         0  stm32f4xx_fsmc.o ABSOLUTE
    Library\src\stm32f4xx_gpio.c             0x00000000   Number         0  stm32f4xx_gpio.o ABSOLUTE
    Library\src\stm32f4xx_hash.c             0x00000000   Number         0  stm32f4xx_hash.o ABSOLUTE
    Library\src\stm32f4xx_hash_md5.c         0x00000000   Number         0  stm32f4xx_hash_md5.o ABSOLUTE
    Library\src\stm32f4xx_hash_sha1.c        0x00000000   Number         0  stm32f4xx_hash_sha1.o ABSOLUTE
    Library\src\stm32f4xx_i2c.c              0x00000000   Number         0  stm32f4xx_i2c.o ABSOLUTE
    Library\src\stm32f4xx_iwdg.c             0x00000000   Number         0  stm32f4xx_iwdg.o ABSOLUTE
    Library\src\stm32f4xx_ltdc.c             0x00000000   Number         0  stm32f4xx_ltdc.o ABSOLUTE
    Library\src\stm32f4xx_pwr.c              0x00000000   Number         0  stm32f4xx_pwr.o ABSOLUTE
    Library\src\stm32f4xx_rcc.c              0x00000000   Number         0  stm32f4xx_rcc.o ABSOLUTE
    Library\src\stm32f4xx_rng.c              0x00000000   Number         0  stm32f4xx_rng.o ABSOLUTE
    Library\src\stm32f4xx_rtc.c              0x00000000   Number         0  stm32f4xx_rtc.o ABSOLUTE
    Library\src\stm32f4xx_sai.c              0x00000000   Number         0  stm32f4xx_sai.o ABSOLUTE
    Library\src\stm32f4xx_sdio.c             0x00000000   Number         0  stm32f4xx_sdio.o ABSOLUTE
    Library\src\stm32f4xx_spi.c              0x00000000   Number         0  stm32f4xx_spi.o ABSOLUTE
    Library\src\stm32f4xx_syscfg.c           0x00000000   Number         0  stm32f4xx_syscfg.o ABSOLUTE
    Library\src\stm32f4xx_tim.c              0x00000000   Number         0  stm32f4xx_tim.o ABSOLUTE
    Library\src\stm32f4xx_usart.c            0x00000000   Number         0  stm32f4xx_usart.o ABSOLUTE
    Library\src\stm32f4xx_wwdg.c             0x00000000   Number         0  stm32f4xx_wwdg.o ABSOLUTE
    Start\\stm32f4xx_it.c                    0x00000000   Number         0  stm32f4xx_it.o ABSOLUTE
    Start\\system_stm32f4xx.c                0x00000000   Number         0  system_stm32f4xx.o ABSOLUTE
    Start\startup_stm32f40_41xxx.s           0x00000000   Number         0  startup_stm32f40_41xxx.o ABSOLUTE
    Start\stm32f4xx_it.c                     0x00000000   Number         0  stm32f4xx_it.o ABSOLUTE
    Start\system_stm32f4xx.c                 0x00000000   Number         0  system_stm32f4xx.o ABSOLUTE
    System\DataStructure.c                   0x00000000   Number         0  datastructure.o ABSOLUTE
    System\Delay.c                           0x00000000   Number         0  delay.o ABSOLUTE
    System\Mathematics.c                     0x00000000   Number         0  mathematics.o ABSOLUTE
    System\\Delay.c                          0x00000000   Number         0  delay.o ABSOLUTE
    System\\Mathematics.c                    0x00000000   Number         0  mathematics.o ABSOLUTE
    USER\\main.c                             0x00000000   Number         0  main.o ABSOLUTE
    USER\main.c                              0x00000000   Number         0  main.o ABSOLUTE
    dc.s                                     0x00000000   Number         0  dc.o ABSOLUTE
    RESET                                    0x08000000   Section      392  startup_stm32f40_41xxx.o(RESET)
    !!!main                                  0x08000188   Section        8  __main.o(!!!main)
    !!!scatter                               0x08000190   Section       52  __scatter.o(!!!scatter)
    !!handler_copy                           0x080001c4   Section       26  __scatter_copy.o(!!handler_copy)
    !!handler_zi                             0x080001e0   Section       28  __scatter_zi.o(!!handler_zi)
    .ARM.Collect$$libinit$$00000000          0x080001fc   Section        2  libinit.o(.ARM.Collect$$libinit$$00000000)
    .ARM.Collect$$libinit$$00000001          0x080001fe   Section        4  libinit2.o(.ARM.Collect$$libinit$$00000001)
    .ARM.Collect$$libinit$$00000004          0x08000202   Section        0  libinit2.o(.ARM.Collect$$libinit$$00000004)
    .ARM.Collect$$libinit$$00000005          0x08000202   Section        8  libinit2.o(.ARM.Collect$$libinit$$00000005)
    .ARM.Collect$$libinit$$0000000A          0x0800020a   Section        0  libinit2.o(.ARM.Collect$$libinit$$0000000A)
    .ARM.Collect$$libinit$$0000000C          0x0800020a   Section        0  libinit2.o(.ARM.Collect$$libinit$$0000000C)
    .ARM.Collect$$libinit$$0000000E          0x0800020a   Section        0  libinit2.o(.ARM.Collect$$libinit$$0000000E)
    .ARM.Collect$$libinit$$00000011          0x0800020a   Section        0  libinit2.o(.ARM.Collect$$libinit$$00000011)
    .ARM.Collect$$libinit$$00000013          0x0800020a   Section        0  libinit2.o(.ARM.Collect$$libinit$$00000013)
    .ARM.Collect$$libinit$$00000015          0x0800020a   Section        0  libinit2.o(.ARM.Collect$$libinit$$00000015)
    .ARM.Collect$$libinit$$00000017          0x0800020a   Section        0  libinit2.o(.ARM.Collect$$libinit$$00000017)
    .ARM.Collect$$libinit$$00000019          0x0800020a   Section        0  libinit2.o(.ARM.Collect$$libinit$$00000019)
    .ARM.Collect$$libinit$$0000001B          0x0800020a   Section        0  libinit2.o(.ARM.Collect$$libinit$$0000001B)
    .ARM.Collect$$libinit$$0000001D          0x0800020a   Section        0  libinit2.o(.ARM.Collect$$libinit$$0000001D)
    .ARM.Collect$$libinit$$0000001F          0x0800020a   Section        0  libinit2.o(.ARM.Collect$$libinit$$0000001F)
    .ARM.Collect$$libinit$$00000021          0x0800020a   Section        0  libinit2.o(.ARM.Collect$$libinit$$00000021)
    .ARM.Collect$$libinit$$00000023          0x0800020a   Section        0  libinit2.o(.ARM.Collect$$libinit$$00000023)
    .ARM.Collect$$libinit$$00000025          0x0800020a   Section        0  libinit2.o(.ARM.Collect$$libinit$$00000025)
    .ARM.Collect$$libinit$$0000002C          0x0800020a   Section        0  libinit2.o(.ARM.Collect$$libinit$$0000002C)
    .ARM.Collect$$libinit$$0000002E          0x0800020a   Section        0  libinit2.o(.ARM.Collect$$libinit$$0000002E)
    .ARM.Collect$$libinit$$00000030          0x0800020a   Section        0  libinit2.o(.ARM.Collect$$libinit$$00000030)
    .ARM.Collect$$libinit$$00000032          0x0800020a   Section        0  libinit2.o(.ARM.Collect$$libinit$$00000032)
    .ARM.Collect$$libinit$$00000033          0x0800020a   Section        2  libinit2.o(.ARM.Collect$$libinit$$00000033)
    .ARM.Collect$$libshutdown$$00000000      0x0800020c   Section        2  libshutdown.o(.ARM.Collect$$libshutdown$$00000000)
    .ARM.Collect$$libshutdown$$00000002      0x0800020e   Section        0  libshutdown2.o(.ARM.Collect$$libshutdown$$00000002)
    .ARM.Collect$$libshutdown$$00000004      0x0800020e   Section        0  libshutdown2.o(.ARM.Collect$$libshutdown$$00000004)
    .ARM.Collect$$libshutdown$$00000006      0x0800020e   Section        0  libshutdown2.o(.ARM.Collect$$libshutdown$$00000006)
    .ARM.Collect$$libshutdown$$00000009      0x0800020e   Section        0  libshutdown2.o(.ARM.Collect$$libshutdown$$00000009)
    .ARM.Collect$$libshutdown$$0000000C      0x0800020e   Section        0  libshutdown2.o(.ARM.Collect$$libshutdown$$0000000C)
    .ARM.Collect$$libshutdown$$0000000E      0x0800020e   Section        0  libshutdown2.o(.ARM.Collect$$libshutdown$$0000000E)
    .ARM.Collect$$libshutdown$$00000011      0x0800020e   Section        0  libshutdown2.o(.ARM.Collect$$libshutdown$$00000011)
    .ARM.Collect$$libshutdown$$00000012      0x0800020e   Section        2  libshutdown2.o(.ARM.Collect$$libshutdown$$00000012)
    .ARM.Collect$$rtentry$$00000000          0x08000210   Section        0  __rtentry.o(.ARM.Collect$$rtentry$$00000000)
    .ARM.Collect$$rtentry$$00000002          0x08000210   Section        0  __rtentry2.o(.ARM.Collect$$rtentry$$00000002)
    .ARM.Collect$$rtentry$$00000004          0x08000210   Section        6  __rtentry4.o(.ARM.Collect$$rtentry$$00000004)
    .ARM.Collect$$rtentry$$00000009          0x08000216   Section        0  __rtentry2.o(.ARM.Collect$$rtentry$$00000009)
    .ARM.Collect$$rtentry$$0000000A          0x08000216   Section        4  __rtentry2.o(.ARM.Collect$$rtentry$$0000000A)
    .ARM.Collect$$rtentry$$0000000C          0x0800021a   Section        0  __rtentry2.o(.ARM.Collect$$rtentry$$0000000C)
    .ARM.Collect$$rtentry$$0000000D          0x0800021a   Section        8  __rtentry2.o(.ARM.Collect$$rtentry$$0000000D)
    .ARM.Collect$$rtexit$$00000000           0x08000222   Section        2  rtexit.o(.ARM.Collect$$rtexit$$00000000)
    .ARM.Collect$$rtexit$$00000002           0x08000224   Section        0  rtexit2.o(.ARM.Collect$$rtexit$$00000002)
    .ARM.Collect$$rtexit$$00000003           0x08000224   Section        4  rtexit2.o(.ARM.Collect$$rtexit$$00000003)
    .ARM.Collect$$rtexit$$00000004           0x08000228   Section        6  rtexit2.o(.ARM.Collect$$rtexit$$00000004)
    .emb_text                                0x08000230   Section        0  maybetermalloc1.o(.emb_text)
    .text                                    0x08000230   Section       64  startup_stm32f40_41xxx.o(.text)
    $v0                                      0x08000230   Number         0  startup_stm32f40_41xxx.o(.text)
    .text                                    0x08000270   Section        0  h1_alloc.o(.text)
    .text                                    0x080002ce   Section        0  h1_free.o(.text)
    .text                                    0x0800031c   Section        0  heapauxi.o(.text)
    .text                                    0x08000324   Section        8  rt_heap_descriptor_intlibspace.o(.text)
    .text                                    0x0800032c   Section        0  hguard.o(.text)
    .text                                    0x08000330   Section        0  init_alloc.o(.text)
    .text                                    0x080003ba   Section        0  h1_init.o(.text)
    .text                                    0x080003c8   Section        8  libspace.o(.text)
    .text                                    0x080003d0   Section        0  h1_extend.o(.text)
    .text                                    0x08000404   Section        0  defsig_rtmem_outer.o(.text)
    .text                                    0x08000412   Section        2  use_no_semi.o(.text)
    .text                                    0x08000414   Section       74  sys_stackheap_outer.o(.text)
    .text                                    0x08000414   Section        0  indicate_semi.o(.text)
    .text                                    0x0800045e   Section        0  exit.o(.text)
    .text                                    0x08000470   Section        0  defsig_exit.o(.text)
    .text                                    0x0800047c   Section        0  defsig_rtmem_inner.o(.text)
    .text                                    0x080004cc   Section        0  sys_exit.o(.text)
    .text                                    0x080004d8   Section        0  defsig_general.o(.text)
    .text                                    0x0800050a   Section        0  sys_wrch.o(.text)
    i.All_Hardware_Init                      0x08000518   Section        0  all_hardware.o(i.All_Hardware_Init)
    i.BLDC_Encoder_Init                      0x08000520   Section        0  bldc_motor.o(i.BLDC_Encoder_Init)
    i.BLDC_Motor_EN_GPIO_Init                0x08000580   Section        0  bldc_motor.o(i.BLDC_Motor_EN_GPIO_Init)
    i.BLDC_Motor_H_PWM_L_ON_GPIO_Init        0x080005b0   Section        0  bldc_motor.o(i.BLDC_Motor_H_PWM_L_ON_GPIO_Init)
    i.BLDC_Motor_H_PWM_L_ON_TIM_Init         0x0800068c   Section        0  bldc_motor.o(i.BLDC_Motor_H_PWM_L_ON_TIM_Init)
    i.BLDC_Motor_Init                        0x08000754   Section        0  bldc_motor.o(i.BLDC_Motor_Init)
    i.BLDC_Motor_Set_PWM                     0x08000774   Section        0  bldc_motor.o(i.BLDC_Motor_Set_PWM)
    i.BLDC_Motor_Test                        0x08000790   Section        0  bldc.o(i.BLDC_Motor_Test)
    i.BLDC_Parameter_Init                    0x080007f0   Section        0  bldc_motor.o(i.BLDC_Parameter_Init)
    i.BusFault_Handler                       0x08000804   Section        0  stm32f4xx_it.o(i.BusFault_Handler)
    i.DebugMon_Handler                       0x08000808   Section        0  stm32f4xx_it.o(i.DebugMon_Handler)
    i.Delay_ms                               0x0800080a   Section        0  delay.o(i.Delay_ms)
    i.Delay_us                               0x08000822   Section        0  delay.o(i.Delay_us)
    i.GPIO_Init                              0x08000850   Section        0  stm32f4xx_gpio.o(i.GPIO_Init)
    i.GPIO_ReadInputDataBit                  0x080008e0   Section        0  stm32f4xx_gpio.o(i.GPIO_ReadInputDataBit)
    i.HardFault_Handler                      0x080008f2   Section        0  stm32f4xx_it.o(i.HardFault_Handler)
    i.Key_GPIO_Init                          0x080008f8   Section        0  key.o(i.Key_GPIO_Init)
    i.Key_Init                               0x08000964   Section        0  key.o(i.Key_Init)
    i.Key_Scan                               0x0800097c   Section        0  key.o(i.Key_Scan)
    i.Key_TIM_Init                           0x080009cc   Section        0  key.o(i.Key_TIM_Init)
    i.MemManage_Handler                      0x08000a34   Section        0  stm32f4xx_it.o(i.MemManage_Handler)
    i.NMI_Handler                            0x08000a38   Section        0  stm32f4xx_it.o(i.NMI_Handler)
    i.NVIC_Init                              0x08000a3c   Section        0  misc.o(i.NVIC_Init)
    i.NVIC_PriorityGroupConfig               0x08000ab4   Section        0  misc.o(i.NVIC_PriorityGroupConfig)
    i.PendSV_Handler                         0x08000ac8   Section        0  stm32f4xx_it.o(i.PendSV_Handler)
    i.QueueCreate                            0x08000aca   Section        0  datastructure.o(i.QueueCreate)
    i.QueuePop                               0x08000ad4   Section        0  datastructure.o(i.QueuePop)
    i.QueuePush                              0x08000afc   Section        0  datastructure.o(i.QueuePush)
    i.QueueSize                              0x08000b28   Section        0  datastructure.o(i.QueueSize)
    i.QueueTail                              0x08000b2e   Section        0  datastructure.o(i.QueueTail)
    i.RCC_AHB1PeriphClockCmd                 0x08000b38   Section        0  stm32f4xx_rcc.o(i.RCC_AHB1PeriphClockCmd)
    i.RCC_APB1PeriphClockCmd                 0x08000b58   Section        0  stm32f4xx_rcc.o(i.RCC_APB1PeriphClockCmd)
    i.RCC_APB2PeriphClockCmd                 0x08000b78   Section        0  stm32f4xx_rcc.o(i.RCC_APB2PeriphClockCmd)
    i.SVC_Handler                            0x08000b98   Section        0  stm32f4xx_it.o(i.SVC_Handler)
    i.SetSysClock                            0x08000b9c   Section        0  system_stm32f4xx.o(i.SetSysClock)
    SetSysClock                              0x08000b9d   Thumb Code   220  system_stm32f4xx.o(i.SetSysClock)
    i.SysTick_Handler                        0x08000c88   Section        0  stm32f4xx_it.o(i.SysTick_Handler)
    i.SystemInit                             0x08000c8c   Section        0  system_stm32f4xx.o(i.SystemInit)
    i.TIM3_IRQHandler                        0x08000cf4   Section        0  key.o(i.TIM3_IRQHandler)
    i.TIM_ClearITPendingBit                  0x08000d34   Section        0  stm32f4xx_tim.o(i.TIM_ClearITPendingBit)
    i.TIM_Cmd                                0x08000d3a   Section        0  stm32f4xx_tim.o(i.TIM_Cmd)
    i.TIM_CtrlPWMOutputs                     0x08000d52   Section        0  stm32f4xx_tim.o(i.TIM_CtrlPWMOutputs)
    i.TIM_GetITStatus                        0x08000d70   Section        0  stm32f4xx_tim.o(i.TIM_GetITStatus)
    i.TIM_ITConfig                           0x08000d92   Section        0  stm32f4xx_tim.o(i.TIM_ITConfig)
    i.TIM_OC1Init                            0x08000da4   Section        0  stm32f4xx_tim.o(i.TIM_OC1Init)
    i.TIM_OC1PreloadConfig                   0x08000e20   Section        0  stm32f4xx_tim.o(i.TIM_OC1PreloadConfig)
    i.TIM_OC2Init                            0x08000e34   Section        0  stm32f4xx_tim.o(i.TIM_OC2Init)
    i.TIM_OC2PreloadConfig                   0x08000ed8   Section        0  stm32f4xx_tim.o(i.TIM_OC2PreloadConfig)
    i.TIM_OC3Init                            0x08000ef4   Section        0  stm32f4xx_tim.o(i.TIM_OC3Init)
    i.TIM_OC3PreloadConfig                   0x08000f94   Section        0  stm32f4xx_tim.o(i.TIM_OC3PreloadConfig)
    i.TIM_OCStructInit                       0x08000fa6   Section        0  stm32f4xx_tim.o(i.TIM_OCStructInit)
    i.TIM_TimeBaseInit                       0x08000fbc   Section        0  stm32f4xx_tim.o(i.TIM_TimeBaseInit)
    i.UsageFault_Handler                     0x08001040   Section        0  stm32f4xx_it.o(i.UsageFault_Handler)
    i.main                                   0x08001044   Section        0  main.o(i.main)
    x$fpl$fpinit                             0x08001050   Section       10  fpinit.o(x$fpl$fpinit)
    $v0                                      0x08001050   Number         0  fpinit.o(x$fpl$fpinit)
    .data                                    0x20000000   Section        1  key.o(.data)
    .bss                                     0x20000004   Section       12  key.o(.bss)
    .bss                                     0x20000010   Section       12  bldc_motor.o(.bss)
    .bss                                     0x2000001c   Section       96  libspace.o(.bss)
    HEAP                                     0x20000080   Section      512  startup_stm32f40_41xxx.o(HEAP)
    Heap_Mem                                 0x20000080   Data         512  startup_stm32f40_41xxx.o(HEAP)
    STACK                                    0x20000280   Section     1024  startup_stm32f40_41xxx.o(STACK)
    Stack_Mem                                0x20000280   Data        1024  startup_stm32f40_41xxx.o(STACK)
    __initial_sp                             0x20000680   Data           0  startup_stm32f40_41xxx.o(STACK)

    Global Symbols

    Symbol Name                              Value     Ov Type        Size  Object(Section)

    BuildAttributes$$THM_ISAv4$E$P$D$K$B$S$7EM$VFPi3$EXTD16$VFPS$VFMA$PE$A:L22UL41UL21$X:L11$S22US41US21$IEEE1$IW$USESV6$~STKCKD$USESV7$~SHL$OTIME$ROPI$IEEEJ$EBA8$UX$STANDARDLIB$REQ8$PRES8$EABIv2 0x00000000   Number         0  anon$$obj.o ABSOLUTE
    __ARM_use_no_argv                        0x00000000   Number         0  main.o ABSOLUTE
    __ARM_exceptions_init                     - Undefined Weak Reference
    __alloca_initialize                       - Undefined Weak Reference
    __arm_fini_                               - Undefined Weak Reference
    __arm_preinit_                            - Undefined Weak Reference
    __cpp_initialize__aeabi_                  - Undefined Weak Reference
    __cxa_finalize                            - Undefined Weak Reference
    __rt_locale                               - Undefined Weak Reference
    __sigvec_lookup                           - Undefined Weak Reference
    __user_heap_extent                        - Undefined Weak Reference
    _atexit_init                              - Undefined Weak Reference
    _call_atexit_fns                          - Undefined Weak Reference
    _clock_init                               - Undefined Weak Reference
    _fp_trap_init                             - Undefined Weak Reference
    _fp_trap_shutdown                         - Undefined Weak Reference
    _get_lc_collate                           - Undefined Weak Reference
    _get_lc_ctype                             - Undefined Weak Reference
    _get_lc_monetary                          - Undefined Weak Reference
    _get_lc_numeric                           - Undefined Weak Reference
    _get_lc_time                              - Undefined Weak Reference
    _getenv_init                              - Undefined Weak Reference
    _handle_redirection                       - Undefined Weak Reference
    _initio                                   - Undefined Weak Reference
    _mutex_acquire                            - Undefined Weak Reference
    _mutex_free                               - Undefined Weak Reference
    _mutex_release                            - Undefined Weak Reference
    _rand_init                                - Undefined Weak Reference
    _signal_finish                            - Undefined Weak Reference
    _signal_init                              - Undefined Weak Reference
    _terminateio                              - Undefined Weak Reference
    __Vectors_Size                           0x00000188   Number         0  startup_stm32f40_41xxx.o ABSOLUTE
    __Vectors                                0x08000000   Data           4  startup_stm32f40_41xxx.o(RESET)
    __Vectors_End                            0x08000188   Data           0  startup_stm32f40_41xxx.o(RESET)
    __main                                   0x08000189   Thumb Code     8  __main.o(!!!main)
    __scatterload                            0x08000191   Thumb Code     0  __scatter.o(!!!scatter)
    __scatterload_rt2                        0x08000191   Thumb Code    44  __scatter.o(!!!scatter)
    __scatterload_rt2_thumb_only             0x08000191   Thumb Code     0  __scatter.o(!!!scatter)
    __scatterload_null                       0x0800019f   Thumb Code     0  __scatter.o(!!!scatter)
    __scatterload_copy                       0x080001c5   Thumb Code    26  __scatter_copy.o(!!handler_copy)
    __scatterload_zeroinit                   0x080001e1   Thumb Code    28  __scatter_zi.o(!!handler_zi)
    __rt_lib_init                            0x080001fd   Thumb Code     0  libinit.o(.ARM.Collect$$libinit$$00000000)
    __rt_lib_init_fp_1                       0x080001ff   Thumb Code     0  libinit2.o(.ARM.Collect$$libinit$$00000001)
    __rt_lib_init_heap_2                     0x08000203   Thumb Code     0  libinit2.o(.ARM.Collect$$libinit$$00000005)
    __rt_lib_init_preinit_1                  0x08000203   Thumb Code     0  libinit2.o(.ARM.Collect$$libinit$$00000004)
    __rt_lib_init_alloca_1                   0x0800020b   Thumb Code     0  libinit2.o(.ARM.Collect$$libinit$$0000002E)
    __rt_lib_init_argv_1                     0x0800020b   Thumb Code     0  libinit2.o(.ARM.Collect$$libinit$$0000002C)
    __rt_lib_init_atexit_1                   0x0800020b   Thumb Code     0  libinit2.o(.ARM.Collect$$libinit$$0000001B)
    __rt_lib_init_clock_1                    0x0800020b   Thumb Code     0  libinit2.o(.ARM.Collect$$libinit$$00000021)
    __rt_lib_init_cpp_1                      0x0800020b   Thumb Code     0  libinit2.o(.ARM.Collect$$libinit$$00000032)
    __rt_lib_init_exceptions_1               0x0800020b   Thumb Code     0  libinit2.o(.ARM.Collect$$libinit$$00000030)
    __rt_lib_init_fp_trap_1                  0x0800020b   Thumb Code     0  libinit2.o(.ARM.Collect$$libinit$$0000001F)
    __rt_lib_init_getenv_1                   0x0800020b   Thumb Code     0  libinit2.o(.ARM.Collect$$libinit$$00000023)
    __rt_lib_init_heap_1                     0x0800020b   Thumb Code     0  libinit2.o(.ARM.Collect$$libinit$$0000000A)
    __rt_lib_init_lc_collate_1               0x0800020b   Thumb Code     0  libinit2.o(.ARM.Collect$$libinit$$00000011)
    __rt_lib_init_lc_ctype_1                 0x0800020b   Thumb Code     0  libinit2.o(.ARM.Collect$$libinit$$00000013)
    __rt_lib_init_lc_monetary_1              0x0800020b   Thumb Code     0  libinit2.o(.ARM.Collect$$libinit$$00000015)
    __rt_lib_init_lc_numeric_1               0x0800020b   Thumb Code     0  libinit2.o(.ARM.Collect$$libinit$$00000017)
    __rt_lib_init_lc_time_1                  0x0800020b   Thumb Code     0  libinit2.o(.ARM.Collect$$libinit$$00000019)
    __rt_lib_init_rand_1                     0x0800020b   Thumb Code     0  libinit2.o(.ARM.Collect$$libinit$$0000000E)
    __rt_lib_init_return                     0x0800020b   Thumb Code     0  libinit2.o(.ARM.Collect$$libinit$$00000033)
    __rt_lib_init_signal_1                   0x0800020b   Thumb Code     0  libinit2.o(.ARM.Collect$$libinit$$0000001D)
    __rt_lib_init_stdio_1                    0x0800020b   Thumb Code     0  libinit2.o(.ARM.Collect$$libinit$$00000025)
    __rt_lib_init_user_alloc_1               0x0800020b   Thumb Code     0  libinit2.o(.ARM.Collect$$libinit$$0000000C)
    __rt_lib_shutdown                        0x0800020d   Thumb Code     0  libshutdown.o(.ARM.Collect$$libshutdown$$00000000)
    __rt_lib_shutdown_cpp_1                  0x0800020f   Thumb Code     0  libshutdown2.o(.ARM.Collect$$libshutdown$$00000004)
    __rt_lib_shutdown_fini_1                 0x0800020f   Thumb Code     0  libshutdown2.o(.ARM.Collect$$libshutdown$$00000002)
    __rt_lib_shutdown_fp_trap_1              0x0800020f   Thumb Code     0  libshutdown2.o(.ARM.Collect$$libshutdown$$00000009)
    __rt_lib_shutdown_heap_1                 0x0800020f   Thumb Code     0  libshutdown2.o(.ARM.Collect$$libshutdown$$00000011)
    __rt_lib_shutdown_return                 0x0800020f   Thumb Code     0  libshutdown2.o(.ARM.Collect$$libshutdown$$00000012)
    __rt_lib_shutdown_signal_1               0x0800020f   Thumb Code     0  libshutdown2.o(.ARM.Collect$$libshutdown$$0000000C)
    __rt_lib_shutdown_stdio_1                0x0800020f   Thumb Code     0  libshutdown2.o(.ARM.Collect$$libshutdown$$00000006)
    __rt_lib_shutdown_user_alloc_1           0x0800020f   Thumb Code     0  libshutdown2.o(.ARM.Collect$$libshutdown$$0000000E)
    __rt_entry                               0x08000211   Thumb Code     0  __rtentry.o(.ARM.Collect$$rtentry$$00000000)
    __rt_entry_presh_1                       0x08000211   Thumb Code     0  __rtentry2.o(.ARM.Collect$$rtentry$$00000002)
    __rt_entry_sh                            0x08000211   Thumb Code     0  __rtentry4.o(.ARM.Collect$$rtentry$$00000004)
    __rt_entry_li                            0x08000217   Thumb Code     0  __rtentry2.o(.ARM.Collect$$rtentry$$0000000A)
    __rt_entry_postsh_1                      0x08000217   Thumb Code     0  __rtentry2.o(.ARM.Collect$$rtentry$$00000009)
    __rt_entry_main                          0x0800021b   Thumb Code     0  __rtentry2.o(.ARM.Collect$$rtentry$$0000000D)
    __rt_entry_postli_1                      0x0800021b   Thumb Code     0  __rtentry2.o(.ARM.Collect$$rtentry$$0000000C)
    __rt_exit                                0x08000223   Thumb Code     0  rtexit.o(.ARM.Collect$$rtexit$$00000000)
    __rt_exit_ls                             0x08000225   Thumb Code     0  rtexit2.o(.ARM.Collect$$rtexit$$00000003)
    __rt_exit_prels_1                        0x08000225   Thumb Code     0  rtexit2.o(.ARM.Collect$$rtexit$$00000002)
    __rt_exit_exit                           0x08000229   Thumb Code     0  rtexit2.o(.ARM.Collect$$rtexit$$00000004)
    Reset_Handler                            0x08000231   Thumb Code     8  startup_stm32f40_41xxx.o(.text)
    _maybe_terminate_alloc                   0x08000231   Thumb Code     0  maybetermalloc1.o(.emb_text)
    ADC_IRQHandler                           0x0800024b   Thumb Code     0  startup_stm32f40_41xxx.o(.text)
    CAN1_RX0_IRQHandler                      0x0800024b   Thumb Code     0  startup_stm32f40_41xxx.o(.text)
    CAN1_RX1_IRQHandler                      0x0800024b   Thumb Code     0  startup_stm32f40_41xxx.o(.text)
    CAN1_SCE_IRQHandler                      0x0800024b   Thumb Code     0  startup_stm32f40_41xxx.o(.text)
    CAN1_TX_IRQHandler                       0x0800024b   Thumb Code     0  startup_stm32f40_41xxx.o(.text)
    CAN2_RX0_IRQHandler                      0x0800024b   Thumb Code     0  startup_stm32f40_41xxx.o(.text)
    CAN2_RX1_IRQHandler                      0x0800024b   Thumb Code     0  startup_stm32f40_41xxx.o(.text)
    CAN2_SCE_IRQHandler                      0x0800024b   Thumb Code     0  startup_stm32f40_41xxx.o(.text)
    CAN2_TX_IRQHandler                       0x0800024b   Thumb Code     0  startup_stm32f40_41xxx.o(.text)
    CRYP_IRQHandler                          0x0800024b   Thumb Code     0  startup_stm32f40_41xxx.o(.text)
    DCMI_IRQHandler                          0x0800024b   Thumb Code     0  startup_stm32f40_41xxx.o(.text)
    DMA1_Stream0_IRQHandler                  0x0800024b   Thumb Code     0  startup_stm32f40_41xxx.o(.text)
    DMA1_Stream1_IRQHandler                  0x0800024b   Thumb Code     0  startup_stm32f40_41xxx.o(.text)
    DMA1_Stream2_IRQHandler                  0x0800024b   Thumb Code     0  startup_stm32f40_41xxx.o(.text)
    DMA1_Stream3_IRQHandler                  0x0800024b   Thumb Code     0  startup_stm32f40_41xxx.o(.text)
    DMA1_Stream4_IRQHandler                  0x0800024b   Thumb Code     0  startup_stm32f40_41xxx.o(.text)
    DMA1_Stream5_IRQHandler                  0x0800024b   Thumb Code     0  startup_stm32f40_41xxx.o(.text)
    DMA1_Stream6_IRQHandler                  0x0800024b   Thumb Code     0  startup_stm32f40_41xxx.o(.text)
    DMA1_Stream7_IRQHandler                  0x0800024b   Thumb Code     0  startup_stm32f40_41xxx.o(.text)
    DMA2_Stream0_IRQHandler                  0x0800024b   Thumb Code     0  startup_stm32f40_41xxx.o(.text)
    DMA2_Stream1_IRQHandler                  0x0800024b   Thumb Code     0  startup_stm32f40_41xxx.o(.text)
    DMA2_Stream2_IRQHandler                  0x0800024b   Thumb Code     0  startup_stm32f40_41xxx.o(.text)
    DMA2_Stream3_IRQHandler                  0x0800024b   Thumb Code     0  startup_stm32f40_41xxx.o(.text)
    DMA2_Stream4_IRQHandler                  0x0800024b   Thumb Code     0  startup_stm32f40_41xxx.o(.text)
    DMA2_Stream5_IRQHandler                  0x0800024b   Thumb Code     0  startup_stm32f40_41xxx.o(.text)
    DMA2_Stream6_IRQHandler                  0x0800024b   Thumb Code     0  startup_stm32f40_41xxx.o(.text)
    DMA2_Stream7_IRQHandler                  0x0800024b   Thumb Code     0  startup_stm32f40_41xxx.o(.text)
    ETH_IRQHandler                           0x0800024b   Thumb Code     0  startup_stm32f40_41xxx.o(.text)
    ETH_WKUP_IRQHandler                      0x0800024b   Thumb Code     0  startup_stm32f40_41xxx.o(.text)
    EXTI0_IRQHandler                         0x0800024b   Thumb Code     0  startup_stm32f40_41xxx.o(.text)
    EXTI15_10_IRQHandler                     0x0800024b   Thumb Code     0  startup_stm32f40_41xxx.o(.text)
    EXTI1_IRQHandler                         0x0800024b   Thumb Code     0  startup_stm32f40_41xxx.o(.text)
    EXTI2_IRQHandler                         0x0800024b   Thumb Code     0  startup_stm32f40_41xxx.o(.text)
    EXTI3_IRQHandler                         0x0800024b   Thumb Code     0  startup_stm32f40_41xxx.o(.text)
    EXTI4_IRQHandler                         0x0800024b   Thumb Code     0  startup_stm32f40_41xxx.o(.text)
    EXTI9_5_IRQHandler                       0x0800024b   Thumb Code     0  startup_stm32f40_41xxx.o(.text)
    FLASH_IRQHandler                         0x0800024b   Thumb Code     0  startup_stm32f40_41xxx.o(.text)
    FPU_IRQHandler                           0x0800024b   Thumb Code     0  startup_stm32f40_41xxx.o(.text)
    FSMC_IRQHandler                          0x0800024b   Thumb Code     0  startup_stm32f40_41xxx.o(.text)
    HASH_RNG_IRQHandler                      0x0800024b   Thumb Code     0  startup_stm32f40_41xxx.o(.text)
    I2C1_ER_IRQHandler                       0x0800024b   Thumb Code     0  startup_stm32f40_41xxx.o(.text)
    I2C1_EV_IRQHandler                       0x0800024b   Thumb Code     0  startup_stm32f40_41xxx.o(.text)
    I2C2_ER_IRQHandler                       0x0800024b   Thumb Code     0  startup_stm32f40_41xxx.o(.text)
    I2C2_EV_IRQHandler                       0x0800024b   Thumb Code     0  startup_stm32f40_41xxx.o(.text)
    I2C3_ER_IRQHandler                       0x0800024b   Thumb Code     0  startup_stm32f40_41xxx.o(.text)
    I2C3_EV_IRQHandler                       0x0800024b   Thumb Code     0  startup_stm32f40_41xxx.o(.text)
    OTG_FS_IRQHandler                        0x0800024b   Thumb Code     0  startup_stm32f40_41xxx.o(.text)
    OTG_FS_WKUP_IRQHandler                   0x0800024b   Thumb Code     0  startup_stm32f40_41xxx.o(.text)
    OTG_HS_EP1_IN_IRQHandler                 0x0800024b   Thumb Code     0  startup_stm32f40_41xxx.o(.text)
    OTG_HS_EP1_OUT_IRQHandler                0x0800024b   Thumb Code     0  startup_stm32f40_41xxx.o(.text)
    OTG_HS_IRQHandler                        0x0800024b   Thumb Code     0  startup_stm32f40_41xxx.o(.text)
    OTG_HS_WKUP_IRQHandler                   0x0800024b   Thumb Code     0  startup_stm32f40_41xxx.o(.text)
    PVD_IRQHandler                           0x0800024b   Thumb Code     0  startup_stm32f40_41xxx.o(.text)
    RCC_IRQHandler                           0x0800024b   Thumb Code     0  startup_stm32f40_41xxx.o(.text)
    RTC_Alarm_IRQHandler                     0x0800024b   Thumb Code     0  startup_stm32f40_41xxx.o(.text)
    RTC_WKUP_IRQHandler                      0x0800024b   Thumb Code     0  startup_stm32f40_41xxx.o(.text)
    SDIO_IRQHandler                          0x0800024b   Thumb Code     0  startup_stm32f40_41xxx.o(.text)
    SPI1_IRQHandler                          0x0800024b   Thumb Code     0  startup_stm32f40_41xxx.o(.text)
    SPI2_IRQHandler                          0x0800024b   Thumb Code     0  startup_stm32f40_41xxx.o(.text)
    SPI3_IRQHandler                          0x0800024b   Thumb Code     0  startup_stm32f40_41xxx.o(.text)
    TAMP_STAMP_IRQHandler                    0x0800024b   Thumb Code     0  startup_stm32f40_41xxx.o(.text)
    TIM1_BRK_TIM9_IRQHandler                 0x0800024b   Thumb Code     0  startup_stm32f40_41xxx.o(.text)
    TIM1_CC_IRQHandler                       0x0800024b   Thumb Code     0  startup_stm32f40_41xxx.o(.text)
    TIM1_TRG_COM_TIM11_IRQHandler            0x0800024b   Thumb Code     0  startup_stm32f40_41xxx.o(.text)
    TIM1_UP_TIM10_IRQHandler                 0x0800024b   Thumb Code     0  startup_stm32f40_41xxx.o(.text)
    TIM2_IRQHandler                          0x0800024b   Thumb Code     0  startup_stm32f40_41xxx.o(.text)
    TIM4_IRQHandler                          0x0800024b   Thumb Code     0  startup_stm32f40_41xxx.o(.text)
    TIM5_IRQHandler                          0x0800024b   Thumb Code     0  startup_stm32f40_41xxx.o(.text)
    TIM6_DAC_IRQHandler                      0x0800024b   Thumb Code     0  startup_stm32f40_41xxx.o(.text)
    TIM7_IRQHandler                          0x0800024b   Thumb Code     0  startup_stm32f40_41xxx.o(.text)
    TIM8_BRK_TIM12_IRQHandler                0x0800024b   Thumb Code     0  startup_stm32f40_41xxx.o(.text)
    TIM8_CC_IRQHandler                       0x0800024b   Thumb Code     0  startup_stm32f40_41xxx.o(.text)
    TIM8_TRG_COM_TIM14_IRQHandler            0x0800024b   Thumb Code     0  startup_stm32f40_41xxx.o(.text)
    TIM8_UP_TIM13_IRQHandler                 0x0800024b   Thumb Code     0  startup_stm32f40_41xxx.o(.text)
    UART4_IRQHandler                         0x0800024b   Thumb Code     0  startup_stm32f40_41xxx.o(.text)
    UART5_IRQHandler                         0x0800024b   Thumb Code     0  startup_stm32f40_41xxx.o(.text)
    USART1_IRQHandler                        0x0800024b   Thumb Code     0  startup_stm32f40_41xxx.o(.text)
    USART2_IRQHandler                        0x0800024b   Thumb Code     0  startup_stm32f40_41xxx.o(.text)
    USART3_IRQHandler                        0x0800024b   Thumb Code     0  startup_stm32f40_41xxx.o(.text)
    USART6_IRQHandler                        0x0800024b   Thumb Code     0  startup_stm32f40_41xxx.o(.text)
    WWDG_IRQHandler                          0x0800024b   Thumb Code     0  startup_stm32f40_41xxx.o(.text)
    __user_initial_stackheap                 0x0800024d   Thumb Code     0  startup_stm32f40_41xxx.o(.text)
    malloc                                   0x08000271   Thumb Code    94  h1_alloc.o(.text)
    free                                     0x080002cf   Thumb Code    78  h1_free.o(.text)
    __use_two_region_memory                  0x0800031d   Thumb Code     2  heapauxi.o(.text)
    __rt_heap_escrow                         0x0800031f   Thumb Code     2  heapauxi.o(.text)
    __rt_heap_expand                         0x08000321   Thumb Code     2  heapauxi.o(.text)
    __rt_heap_descriptor                     0x08000325   Thumb Code     8  rt_heap_descriptor_intlibspace.o(.text)
    __use_no_heap                            0x0800032d   Thumb Code     2  hguard.o(.text)
    __heap$guard                             0x0800032f   Thumb Code     2  hguard.o(.text)
    _terminate_user_alloc                    0x08000331   Thumb Code     2  init_alloc.o(.text)
    _init_user_alloc                         0x08000333   Thumb Code     2  init_alloc.o(.text)
    __Heap_Full                              0x08000335   Thumb Code    34  init_alloc.o(.text)
    __Heap_Broken                            0x08000357   Thumb Code     6  init_alloc.o(.text)
    _init_alloc                              0x0800035d   Thumb Code    94  init_alloc.o(.text)
    __Heap_Initialize                        0x080003bb   Thumb Code    10  h1_init.o(.text)
    __Heap_DescSize                          0x080003c5   Thumb Code     4  h1_init.o(.text)
    __user_libspace                          0x080003c9   Thumb Code     8  libspace.o(.text)
    __user_perproc_libspace                  0x080003c9   Thumb Code     0  libspace.o(.text)
    __user_perthread_libspace                0x080003c9   Thumb Code     0  libspace.o(.text)
    __Heap_ProvideMemory                     0x080003d1   Thumb Code    52  h1_extend.o(.text)
    __rt_SIGRTMEM                            0x08000405   Thumb Code    14  defsig_rtmem_outer.o(.text)
    __I$use$semihosting                      0x08000413   Thumb Code     0  use_no_semi.o(.text)
    __use_no_semihosting_swi                 0x08000413   Thumb Code     2  use_no_semi.o(.text)
    __semihosting_library_function           0x08000415   Thumb Code     0  indicate_semi.o(.text)
    __user_setup_stackheap                   0x08000415   Thumb Code    74  sys_stackheap_outer.o(.text)
    exit                                     0x0800045f   Thumb Code    18  exit.o(.text)
    __sig_exit                               0x08000471   Thumb Code    10  defsig_exit.o(.text)
    __rt_SIGRTMEM_inner                      0x0800047d   Thumb Code    22  defsig_rtmem_inner.o(.text)
    _sys_exit                                0x080004cd   Thumb Code     8  sys_exit.o(.text)
    __default_signal_display                 0x080004d9   Thumb Code    50  defsig_general.o(.text)
    _ttywrch                                 0x0800050b   Thumb Code    14  sys_wrch.o(.text)
    All_Hardware_Init                        0x08000519   Thumb Code     8  all_hardware.o(i.All_Hardware_Init)
    BLDC_Encoder_Init                        0x08000521   Thumb Code    90  bldc_motor.o(i.BLDC_Encoder_Init)
    BLDC_Motor_EN_GPIO_Init                  0x08000581   Thumb Code    44  bldc_motor.o(i.BLDC_Motor_EN_GPIO_Init)
    BLDC_Motor_H_PWM_L_ON_GPIO_Init          0x080005b1   Thumb Code   212  bldc_motor.o(i.BLDC_Motor_H_PWM_L_ON_GPIO_Init)
    BLDC_Motor_H_PWM_L_ON_TIM_Init           0x0800068d   Thumb Code   196  bldc_motor.o(i.BLDC_Motor_H_PWM_L_ON_TIM_Init)
    BLDC_Motor_Init                          0x08000755   Thumb Code    30  bldc_motor.o(i.BLDC_Motor_Init)
    BLDC_Motor_Set_PWM                       0x08000775   Thumb Code    22  bldc_motor.o(i.BLDC_Motor_Set_PWM)
    BLDC_Motor_Test                          0x08000791   Thumb Code    86  bldc.o(i.BLDC_Motor_Test)
    BLDC_Parameter_Init                      0x080007f1   Thumb Code    14  bldc_motor.o(i.BLDC_Parameter_Init)
    BusFault_Handler                         0x08000805   Thumb Code     4  stm32f4xx_it.o(i.BusFault_Handler)
    DebugMon_Handler                         0x08000809   Thumb Code     2  stm32f4xx_it.o(i.DebugMon_Handler)
    Delay_ms                                 0x0800080b   Thumb Code    24  delay.o(i.Delay_ms)
    Delay_us                                 0x08000823   Thumb Code    46  delay.o(i.Delay_us)
    GPIO_Init                                0x08000851   Thumb Code   144  stm32f4xx_gpio.o(i.GPIO_Init)
    GPIO_ReadInputDataBit                    0x080008e1   Thumb Code    18  stm32f4xx_gpio.o(i.GPIO_ReadInputDataBit)
    HardFault_Handler                        0x080008f3   Thumb Code     4  stm32f4xx_it.o(i.HardFault_Handler)
    Key_GPIO_Init                            0x080008f9   Thumb Code   102  key.o(i.Key_GPIO_Init)
    Key_Init                                 0x08000965   Thumb Code    18  key.o(i.Key_Init)
    Key_Scan                                 0x0800097d   Thumb Code    72  key.o(i.Key_Scan)
    Key_TIM_Init                             0x080009cd   Thumb Code    98  key.o(i.Key_TIM_Init)
    MemManage_Handler                        0x08000a35   Thumb Code     4  stm32f4xx_it.o(i.MemManage_Handler)
    NMI_Handler                              0x08000a39   Thumb Code     2  stm32f4xx_it.o(i.NMI_Handler)
    NVIC_Init                                0x08000a3d   Thumb Code   106  misc.o(i.NVIC_Init)
    NVIC_PriorityGroupConfig                 0x08000ab5   Thumb Code    10  misc.o(i.NVIC_PriorityGroupConfig)
    PendSV_Handler                           0x08000ac9   Thumb Code     2  stm32f4xx_it.o(i.PendSV_Handler)
    QueueCreate                              0x08000acb   Thumb Code    10  datastructure.o(i.QueueCreate)
    QueuePop                                 0x08000ad5   Thumb Code    40  datastructure.o(i.QueuePop)
    QueuePush                                0x08000afd   Thumb Code    44  datastructure.o(i.QueuePush)
    QueueSize                                0x08000b29   Thumb Code     6  datastructure.o(i.QueueSize)
    QueueTail                                0x08000b2f   Thumb Code     8  datastructure.o(i.QueueTail)
    RCC_AHB1PeriphClockCmd                   0x08000b39   Thumb Code    26  stm32f4xx_rcc.o(i.RCC_AHB1PeriphClockCmd)
    RCC_APB1PeriphClockCmd                   0x08000b59   Thumb Code    26  stm32f4xx_rcc.o(i.RCC_APB1PeriphClockCmd)
    RCC_APB2PeriphClockCmd                   0x08000b79   Thumb Code    26  stm32f4xx_rcc.o(i.RCC_APB2PeriphClockCmd)
    SVC_Handler                              0x08000b99   Thumb Code     2  stm32f4xx_it.o(i.SVC_Handler)
    SysTick_Handler                          0x08000c89   Thumb Code     2  stm32f4xx_it.o(i.SysTick_Handler)
    SystemInit                               0x08000c8d   Thumb Code    88  system_stm32f4xx.o(i.SystemInit)
    TIM3_IRQHandler                          0x08000cf5   Thumb Code    50  key.o(i.TIM3_IRQHandler)
    TIM_ClearITPendingBit                    0x08000d35   Thumb Code     6  stm32f4xx_tim.o(i.TIM_ClearITPendingBit)
    TIM_Cmd                                  0x08000d3b   Thumb Code    24  stm32f4xx_tim.o(i.TIM_Cmd)
    TIM_CtrlPWMOutputs                       0x08000d53   Thumb Code    30  stm32f4xx_tim.o(i.TIM_CtrlPWMOutputs)
    TIM_GetITStatus                          0x08000d71   Thumb Code    34  stm32f4xx_tim.o(i.TIM_GetITStatus)
    TIM_ITConfig                             0x08000d93   Thumb Code    18  stm32f4xx_tim.o(i.TIM_ITConfig)
    TIM_OC1Init                              0x08000da5   Thumb Code   114  stm32f4xx_tim.o(i.TIM_OC1Init)
    TIM_OC1PreloadConfig                     0x08000e21   Thumb Code    18  stm32f4xx_tim.o(i.TIM_OC1PreloadConfig)
    TIM_OC2Init                              0x08000e35   Thumb Code   154  stm32f4xx_tim.o(i.TIM_OC2Init)
    TIM_OC2PreloadConfig                     0x08000ed9   Thumb Code    26  stm32f4xx_tim.o(i.TIM_OC2PreloadConfig)
    TIM_OC3Init                              0x08000ef5   Thumb Code   150  stm32f4xx_tim.o(i.TIM_OC3Init)
    TIM_OC3PreloadConfig                     0x08000f95   Thumb Code    18  stm32f4xx_tim.o(i.TIM_OC3PreloadConfig)
    TIM_OCStructInit                         0x08000fa7   Thumb Code    20  stm32f4xx_tim.o(i.TIM_OCStructInit)
    TIM_TimeBaseInit                         0x08000fbd   Thumb Code   104  stm32f4xx_tim.o(i.TIM_TimeBaseInit)
    UsageFault_Handler                       0x08001041   Thumb Code     4  stm32f4xx_it.o(i.UsageFault_Handler)
    main                                     0x08001045   Thumb Code    12  main.o(i.main)
    _fp_init                                 0x08001051   Thumb Code    10  fpinit.o(x$fpl$fpinit)
    __fplib_config_fpu_vfp                   0x08001059   Thumb Code     0  fpinit.o(x$fpl$fpinit)
    __fplib_config_pureend_doubles           0x08001059   Thumb Code     0  fpinit.o(x$fpl$fpinit)
    Region$$Table$$Base                      0x0800105c   Number         0  anon$$obj.o(Region$$Table)
    Region$$Table$$Limit                     0x0800107c   Number         0  anon$$obj.o(Region$$Table)
    Key_Value                                0x20000000   Data           1  key.o(.data)
    Key_Queue                                0x20000004   Data          12  key.o(.bss)
    BLDC_parameter                           0x20000010   Data          12  bldc_motor.o(.bss)
    __libspace_start                         0x2000001c   Data          96  libspace.o(.bss)
    __temporary_stack_top$libspace           0x2000007c   Data           0  libspace.o(.bss)



==============================================================================

Memory Map of the image

  Image Entry point : 0x08000189

  Load Region LR_IROM1 (Base: 0x08000000, Size: 0x00001080, Max: 0x00100000, ABSOLUTE)

    Execution Region ER_IROM1 (Base: 0x08000000, Size: 0x0000107c, Max: 0x00100000, ABSOLUTE)

    Base Addr    Size         Type   Attr      Idx    E Section Name        Object

    0x08000000   0x00000188   Data   RO            3    RESET               startup_stm32f40_41xxx.o
    0x08000188   0x00000008   Code   RO         6048  * !!!main             c_w.l(__main.o)
    0x08000190   0x00000034   Code   RO         6300    !!!scatter          c_w.l(__scatter.o)
    0x080001c4   0x0000001a   Code   RO         6302    !!handler_copy      c_w.l(__scatter_copy.o)
    0x080001de   0x00000002   PAD
    0x080001e0   0x0000001c   Code   RO         6304    !!handler_zi        c_w.l(__scatter_zi.o)
    0x080001fc   0x00000002   Code   RO         6237    .ARM.Collect$$libinit$$00000000  c_w.l(libinit.o)
    0x080001fe   0x00000004   Code   RO         6120    .ARM.Collect$$libinit$$00000001  c_w.l(libinit2.o)
    0x08000202   0x00000000   Code   RO         6123    .ARM.Collect$$libinit$$00000004  c_w.l(libinit2.o)
    0x08000202   0x00000008   Code   RO         6124    .ARM.Collect$$libinit$$00000005  c_w.l(libinit2.o)
    0x0800020a   0x00000000   Code   RO         6126    .ARM.Collect$$libinit$$0000000A  c_w.l(libinit2.o)
    0x0800020a   0x00000000   Code   RO         6128    .ARM.Collect$$libinit$$0000000C  c_w.l(libinit2.o)
    0x0800020a   0x00000000   Code   RO         6130    .ARM.Collect$$libinit$$0000000E  c_w.l(libinit2.o)
    0x0800020a   0x00000000   Code   RO         6133    .ARM.Collect$$libinit$$00000011  c_w.l(libinit2.o)
    0x0800020a   0x00000000   Code   RO         6135    .ARM.Collect$$libinit$$00000013  c_w.l(libinit2.o)
    0x0800020a   0x00000000   Code   RO         6137    .ARM.Collect$$libinit$$00000015  c_w.l(libinit2.o)
    0x0800020a   0x00000000   Code   RO         6139    .ARM.Collect$$libinit$$00000017  c_w.l(libinit2.o)
    0x0800020a   0x00000000   Code   RO         6141    .ARM.Collect$$libinit$$00000019  c_w.l(libinit2.o)
    0x0800020a   0x00000000   Code   RO         6143    .ARM.Collect$$libinit$$0000001B  c_w.l(libinit2.o)
    0x0800020a   0x00000000   Code   RO         6145    .ARM.Collect$$libinit$$0000001D  c_w.l(libinit2.o)
    0x0800020a   0x00000000   Code   RO         6147    .ARM.Collect$$libinit$$0000001F  c_w.l(libinit2.o)
    0x0800020a   0x00000000   Code   RO         6149    .ARM.Collect$$libinit$$00000021  c_w.l(libinit2.o)
    0x0800020a   0x00000000   Code   RO         6151    .ARM.Collect$$libinit$$00000023  c_w.l(libinit2.o)
    0x0800020a   0x00000000   Code   RO         6153    .ARM.Collect$$libinit$$00000025  c_w.l(libinit2.o)
    0x0800020a   0x00000000   Code   RO         6157    .ARM.Collect$$libinit$$0000002C  c_w.l(libinit2.o)
    0x0800020a   0x00000000   Code   RO         6159    .ARM.Collect$$libinit$$0000002E  c_w.l(libinit2.o)
    0x0800020a   0x00000000   Code   RO         6161    .ARM.Collect$$libinit$$00000030  c_w.l(libinit2.o)
    0x0800020a   0x00000000   Code   RO         6163    .ARM.Collect$$libinit$$00000032  c_w.l(libinit2.o)
    0x0800020a   0x00000002   Code   RO         6164    .ARM.Collect$$libinit$$00000033  c_w.l(libinit2.o)
    0x0800020c   0x00000002   Code   RO         6297    .ARM.Collect$$libshutdown$$00000000  c_w.l(libshutdown.o)
    0x0800020e   0x00000000   Code   RO         6251    .ARM.Collect$$libshutdown$$00000002  c_w.l(libshutdown2.o)
    0x0800020e   0x00000000   Code   RO         6253    .ARM.Collect$$libshutdown$$00000004  c_w.l(libshutdown2.o)
    0x0800020e   0x00000000   Code   RO         6255    .ARM.Collect$$libshutdown$$00000006  c_w.l(libshutdown2.o)
    0x0800020e   0x00000000   Code   RO         6258    .ARM.Collect$$libshutdown$$00000009  c_w.l(libshutdown2.o)
    0x0800020e   0x00000000   Code   RO         6261    .ARM.Collect$$libshutdown$$0000000C  c_w.l(libshutdown2.o)
    0x0800020e   0x00000000   Code   RO         6263    .ARM.Collect$$libshutdown$$0000000E  c_w.l(libshutdown2.o)
    0x0800020e   0x00000000   Code   RO         6266    .ARM.Collect$$libshutdown$$00000011  c_w.l(libshutdown2.o)
    0x0800020e   0x00000002   Code   RO         6267    .ARM.Collect$$libshutdown$$00000012  c_w.l(libshutdown2.o)
    0x08000210   0x00000000   Code   RO         6090    .ARM.Collect$$rtentry$$00000000  c_w.l(__rtentry.o)
    0x08000210   0x00000000   Code   RO         6180    .ARM.Collect$$rtentry$$00000002  c_w.l(__rtentry2.o)
    0x08000210   0x00000006   Code   RO         6192    .ARM.Collect$$rtentry$$00000004  c_w.l(__rtentry4.o)
    0x08000216   0x00000000   Code   RO         6182    .ARM.Collect$$rtentry$$00000009  c_w.l(__rtentry2.o)
    0x08000216   0x00000004   Code   RO         6183    .ARM.Collect$$rtentry$$0000000A  c_w.l(__rtentry2.o)
    0x0800021a   0x00000000   Code   RO         6185    .ARM.Collect$$rtentry$$0000000C  c_w.l(__rtentry2.o)
    0x0800021a   0x00000008   Code   RO         6186    .ARM.Collect$$rtentry$$0000000D  c_w.l(__rtentry2.o)
    0x08000222   0x00000002   Code   RO         6240    .ARM.Collect$$rtexit$$00000000  c_w.l(rtexit.o)
    0x08000224   0x00000000   Code   RO         6271    .ARM.Collect$$rtexit$$00000002  c_w.l(rtexit2.o)
    0x08000224   0x00000004   Code   RO         6272    .ARM.Collect$$rtexit$$00000003  c_w.l(rtexit2.o)
    0x08000228   0x00000006   Code   RO         6273    .ARM.Collect$$rtexit$$00000004  c_w.l(rtexit2.o)
    0x0800022e   0x00000002   PAD
    0x08000230   0x00000000   Code   RO         6196    .emb_text           c_w.l(maybetermalloc1.o)
    0x08000230   0x00000040   Code   RO            4    .text               startup_stm32f40_41xxx.o
    0x08000270   0x0000005e   Code   RO         5986    .text               c_w.l(h1_alloc.o)
    0x080002ce   0x0000004e   Code   RO         5988    .text               c_w.l(h1_free.o)
    0x0800031c   0x00000006   Code   RO         6046    .text               c_w.l(heapauxi.o)
    0x08000322   0x00000002   PAD
    0x08000324   0x00000008   Code   RO         6094    .text               c_w.l(rt_heap_descriptor_intlibspace.o)
    0x0800032c   0x00000004   Code   RO         6096    .text               c_w.l(hguard.o)
    0x08000330   0x0000008a   Code   RO         6098    .text               c_w.l(init_alloc.o)
    0x080003ba   0x0000000e   Code   RO         6102    .text               c_w.l(h1_init.o)
    0x080003c8   0x00000008   Code   RO         6176    .text               c_w.l(libspace.o)
    0x080003d0   0x00000034   Code   RO         6198    .text               c_w.l(h1_extend.o)
    0x08000404   0x0000000e   Code   RO         6202    .text               c_w.l(defsig_rtmem_outer.o)
    0x08000412   0x00000002   Code   RO         6213    .text               c_w.l(use_no_semi.o)
    0x08000414   0x00000000   Code   RO         6215    .text               c_w.l(indicate_semi.o)
    0x08000414   0x0000004a   Code   RO         6216    .text               c_w.l(sys_stackheap_outer.o)
    0x0800045e   0x00000012   Code   RO         6222    .text               c_w.l(exit.o)
    0x08000470   0x0000000a   Code   RO         6224    .text               c_w.l(defsig_exit.o)
    0x0800047a   0x00000002   PAD
    0x0800047c   0x00000050   Code   RO         6226    .text               c_w.l(defsig_rtmem_inner.o)
    0x080004cc   0x0000000c   Code   RO         6238    .text               c_w.l(sys_exit.o)
    0x080004d8   0x00000032   Code   RO         6248    .text               c_w.l(defsig_general.o)
    0x0800050a   0x0000000e   Code   RO         6268    .text               c_w.l(sys_wrch.o)
    0x08000518   0x00000008   Code   RO         5419    i.All_Hardware_Init  all_hardware.o
    0x08000520   0x00000060   Code   RO         5781    i.BLDC_Encoder_Init  bldc_motor.o
    0x08000580   0x00000030   Code   RO         5783    i.BLDC_Motor_EN_GPIO_Init  bldc_motor.o
    0x080005b0   0x000000dc   Code   RO         5784    i.BLDC_Motor_H_PWM_L_ON_GPIO_Init  bldc_motor.o
    0x0800068c   0x000000c8   Code   RO         5785    i.BLDC_Motor_H_PWM_L_ON_TIM_Init  bldc_motor.o
    0x08000754   0x0000001e   Code   RO         5786    i.BLDC_Motor_Init   bldc_motor.o
    0x08000772   0x00000002   PAD
    0x08000774   0x0000001c   Code   RO         5787    i.BLDC_Motor_Set_PWM  bldc_motor.o
    0x08000790   0x00000060   Code   RO         5743    i.BLDC_Motor_Test   bldc.o
    0x080007f0   0x00000014   Code   RO         5788    i.BLDC_Parameter_Init  bldc_motor.o
    0x08000804   0x00000004   Code   RO           13    i.BusFault_Handler  stm32f4xx_it.o
    0x08000808   0x00000002   Code   RO           14    i.DebugMon_Handler  stm32f4xx_it.o
    0x0800080a   0x00000018   Code   RO         5380    i.Delay_ms          delay.o
    0x08000822   0x0000002e   Code   RO         5382    i.Delay_us          delay.o
    0x08000850   0x00000090   Code   RO         2051    i.GPIO_Init         stm32f4xx_gpio.o
    0x080008e0   0x00000012   Code   RO         2055    i.GPIO_ReadInputDataBit  stm32f4xx_gpio.o
    0x080008f2   0x00000004   Code   RO           15    i.HardFault_Handler  stm32f4xx_it.o
    0x080008f6   0x00000002   PAD
    0x080008f8   0x0000006c   Code   RO         5459    i.Key_GPIO_Init     key.o
    0x08000964   0x00000018   Code   RO         5460    i.Key_Init          key.o
    0x0800097c   0x00000050   Code   RO         5461    i.Key_Scan          key.o
    0x080009cc   0x00000068   Code   RO         5462    i.Key_TIM_Init      key.o
    0x08000a34   0x00000004   Code   RO           16    i.MemManage_Handler  stm32f4xx_it.o
    0x08000a38   0x00000002   Code   RO           17    i.NMI_Handler       stm32f4xx_it.o
    0x08000a3a   0x00000002   PAD
    0x08000a3c   0x00000078   Code   RO          234    i.NVIC_Init         misc.o
    0x08000ab4   0x00000014   Code   RO          235    i.NVIC_PriorityGroupConfig  misc.o
    0x08000ac8   0x00000002   Code   RO           18    i.PendSV_Handler    stm32f4xx_it.o
    0x08000aca   0x0000000a   Code   RO         5127    i.QueueCreate       datastructure.o
    0x08000ad4   0x00000028   Code   RO         5129    i.QueuePop          datastructure.o
    0x08000afc   0x0000002c   Code   RO         5130    i.QueuePush         datastructure.o
    0x08000b28   0x00000006   Code   RO         5131    i.QueueSize         datastructure.o
    0x08000b2e   0x00000008   Code   RO         5132    i.QueueTail         datastructure.o
    0x08000b36   0x00000002   PAD
    0x08000b38   0x00000020   Code   RO         2947    i.RCC_AHB1PeriphClockCmd  stm32f4xx_rcc.o
    0x08000b58   0x00000020   Code   RO         2956    i.RCC_APB1PeriphClockCmd  stm32f4xx_rcc.o
    0x08000b78   0x00000020   Code   RO         2959    i.RCC_APB2PeriphClockCmd  stm32f4xx_rcc.o
    0x08000b98   0x00000002   Code   RO           19    i.SVC_Handler       stm32f4xx_it.o
    0x08000b9a   0x00000002   PAD
    0x08000b9c   0x000000ec   Code   RO          193    i.SetSysClock       system_stm32f4xx.o
    0x08000c88   0x00000002   Code   RO           20    i.SysTick_Handler   stm32f4xx_it.o
    0x08000c8a   0x00000002   PAD
    0x08000c8c   0x00000068   Code   RO          195    i.SystemInit        system_stm32f4xx.o
    0x08000cf4   0x00000040   Code   RO         5463    i.TIM3_IRQHandler   key.o
    0x08000d34   0x00000006   Code   RO         4317    i.TIM_ClearITPendingBit  stm32f4xx_tim.o
    0x08000d3a   0x00000018   Code   RO         4322    i.TIM_Cmd           stm32f4xx_tim.o
    0x08000d52   0x0000001e   Code   RO         4324    i.TIM_CtrlPWMOutputs  stm32f4xx_tim.o
    0x08000d70   0x00000022   Code   RO         4343    i.TIM_GetITStatus   stm32f4xx_tim.o
    0x08000d92   0x00000012   Code   RO         4347    i.TIM_ITConfig      stm32f4xx_tim.o
    0x08000da4   0x0000007c   Code   RO         4351    i.TIM_OC1Init       stm32f4xx_tim.o
    0x08000e20   0x00000012   Code   RO         4354    i.TIM_OC1PreloadConfig  stm32f4xx_tim.o
    0x08000e32   0x00000002   PAD
    0x08000e34   0x000000a4   Code   RO         4356    i.TIM_OC2Init       stm32f4xx_tim.o
    0x08000ed8   0x0000001a   Code   RO         4359    i.TIM_OC2PreloadConfig  stm32f4xx_tim.o
    0x08000ef2   0x00000002   PAD
    0x08000ef4   0x000000a0   Code   RO         4361    i.TIM_OC3Init       stm32f4xx_tim.o
    0x08000f94   0x00000012   Code   RO         4364    i.TIM_OC3PreloadConfig  stm32f4xx_tim.o
    0x08000fa6   0x00000014   Code   RO         4369    i.TIM_OCStructInit  stm32f4xx_tim.o
    0x08000fba   0x00000002   PAD
    0x08000fbc   0x00000084   Code   RO         4394    i.TIM_TimeBaseInit  stm32f4xx_tim.o
    0x08001040   0x00000004   Code   RO           21    i.UsageFault_Handler  stm32f4xx_it.o
    0x08001044   0x0000000c   Code   RO         5931    i.main              main.o
    0x08001050   0x0000000a   Code   RO         6211    x$fpl$fpinit        fz_wm.l(fpinit.o)
    0x0800105a   0x00000002   PAD
    0x0800105c   0x00000020   Data   RO         6298    Region$$Table       anon$$obj.o


    Execution Region RW_IRAM1 (Base: 0x20000000, Size: 0x00000680, Max: 0x00020000, ABSOLUTE)

    Base Addr    Size         Type   Attr      Idx    E Section Name        Object

    0x20000000   0x00000001   Data   RW         5465    .data               key.o
    0x20000001   0x00000003   PAD
    0x20000004   0x0000000c   Zero   RW         5464    .bss                key.o
    0x20000010   0x0000000c   Zero   RW         5799    .bss                bldc_motor.o
    0x2000001c   0x00000060   Zero   RW         6177    .bss                c_w.l(libspace.o)
    0x2000007c   0x00000004   PAD
    0x20000080   0x00000200   Zero   RW            2    HEAP                startup_stm32f40_41xxx.o
    0x20000280   0x00000400   Zero   RW            1    STACK               startup_stm32f40_41xxx.o


==============================================================================

Image component sizes


      Code (inc. data)   RO Data    RW Data    ZI Data      Debug   Object Name

         8          0          0          0          0        912   all_hardware.o
        96         10          0          0          0        542   bldc.o
       642         34          0          0         12       5395   bldc_motor.o
       108          0          0          0          0       4837   datastructure.o
        70          0          0          0          0        954   delay.o
       380         40          0          1         12       3173   key.o
        12          0          0          0          0        427   main.o
       140         24          0          0          0     230547   misc.o
        64         26        392          0       1536        840   startup_stm32f40_41xxx.o
       162          0          0          0          0       1612   stm32f4xx_gpio.o
        26          0          0          0          0      35026   stm32f4xx_it.o
        96         18          0          0          0       1647   stm32f4xx_rcc.o
       774         58          0          0          0       8281   stm32f4xx_tim.o
       340         32          0          0          0       1405   system_stm32f4xx.o

    ----------------------------------------------------------------------
      2936        242        424          4       1560     295598   Object Totals
         0          0         32          0          0          0   (incl. Generated)
        18          0          0          3          0          0   (incl. Padding)

    ----------------------------------------------------------------------

      Code (inc. data)   RO Data    RW Data    ZI Data      Debug   Library Member Name

         8          0          0          0          0         68   __main.o
         0          0          0          0          0          0   __rtentry.o
        12          0          0          0          0          0   __rtentry2.o
         6          0          0          0          0          0   __rtentry4.o
        52          8          0          0          0          0   __scatter.o
        26          0          0          0          0          0   __scatter_copy.o
        28          0          0          0          0          0   __scatter_zi.o
        10          0          0          0          0         68   defsig_exit.o
        50          0          0          0          0         88   defsig_general.o
        80         58          0          0          0         76   defsig_rtmem_inner.o
        14          0          0          0          0         80   defsig_rtmem_outer.o
        18          0          0          0          0         80   exit.o
        94          0          0          0          0         80   h1_alloc.o
        52          0          0          0          0         68   h1_extend.o
        78          0          0          0          0         80   h1_free.o
        14          0          0          0          0         84   h1_init.o
         6          0          0          0          0        152   heapauxi.o
         4          0          0          0          0        136   hguard.o
         0          0          0          0          0          0   indicate_semi.o
       138          0          0          0          0        168   init_alloc.o
         2          0          0          0          0          0   libinit.o
        14          0          0          0          0          0   libinit2.o
         2          0          0          0          0          0   libshutdown.o
         2          0          0          0          0          0   libshutdown2.o
         8          4          0          0         96         68   libspace.o
         0          0          0          0          0          0   maybetermalloc1.o
         8          4          0          0          0         68   rt_heap_descriptor_intlibspace.o
         2          0          0          0          0          0   rtexit.o
        10          0          0          0          0          0   rtexit2.o
        12          4          0          0          0         68   sys_exit.o
        74          0          0          0          0         80   sys_stackheap_outer.o
        14          0          0          0          0         76   sys_wrch.o
         2          0          0          0          0         68   use_no_semi.o
        10          0          0          0          0        116   fpinit.o

    ----------------------------------------------------------------------
       860         78          0          0        100       1772   Library Totals
        10          0          0          0          4          0   (incl. Padding)

    ----------------------------------------------------------------------

      Code (inc. data)   RO Data    RW Data    ZI Data      Debug   Library Name

       840         78          0          0         96       1656   c_w.l
        10          0          0          0          0        116   fz_wm.l

    ----------------------------------------------------------------------
       860         78          0          0        100       1772   Library Totals

    ----------------------------------------------------------------------

==============================================================================


      Code (inc. data)   RO Data    RW Data    ZI Data      Debug   

      3796        320        424          4       1660     291738   Grand Totals
      3796        320        424          4       1660     291738   ELF Image Totals
      3796        320        424          4          0          0   ROM Totals

==============================================================================

    Total RO  Size (Code + RO Data)                 4220 (   4.12kB)
    Total RW  Size (RW Data + ZI Data)              1664 (   1.63kB)
    Total ROM Size (Code + RO Data + RW Data)       4224 (   4.13kB)

==============================================================================

